Archive member included to satisfy reference by file (symbol)

c:/program files/microchip/xc8/v3.00/avr/bin/../lib/gcc/avr/5.4.0/../../../../avr/lib/avrxmega4\libm.a(addsf3.o)
                              build/default/production/phaseFeatures.o (__addsf3)
c:/program files/microchip/xc8/v3.00/avr/bin/../lib/gcc/avr/5.4.0/../../../../avr/lib/avrxmega4\libm.a(addsf3x.o)
                              c:/program files/microchip/xc8/v3.00/avr/bin/../lib/gcc/avr/5.4.0/../../../../avr/lib/avrxmega4\libm.a(addsf3.o) (__addsf3x)
c:/program files/microchip/xc8/v3.00/avr/bin/../lib/gcc/avr/5.4.0/../../../../avr/lib/avrxmega4\libm.a(cmpsf2.o)
                              build/default/production/main.o (__ltsf2)
c:/program files/microchip/xc8/v3.00/avr/bin/../lib/gcc/avr/5.4.0/../../../../avr/lib/avrxmega4\libm.a(divsf3.o)
                              build/default/production/phaseFeatures.o (__divsf3)
c:/program files/microchip/xc8/v3.00/avr/bin/../lib/gcc/avr/5.4.0/../../../../avr/lib/avrxmega4\libm.a(divsf3x.o)
                              c:/program files/microchip/xc8/v3.00/avr/bin/../lib/gcc/avr/5.4.0/../../../../avr/lib/avrxmega4\libm.a(divsf3.o) (__divsf3x)
c:/program files/microchip/xc8/v3.00/avr/bin/../lib/gcc/avr/5.4.0/../../../../avr/lib/avrxmega4\libm.a(fixunssfsi.o)
                              build/default/production/main.o (__fixunssfsi)
c:/program files/microchip/xc8/v3.00/avr/bin/../lib/gcc/avr/5.4.0/../../../../avr/lib/avrxmega4\libm.a(floatsisf.o)
                              build/default/production/phaseFeatures.o (__floatunsisf)
c:/program files/microchip/xc8/v3.00/avr/bin/../lib/gcc/avr/5.4.0/../../../../avr/lib/avrxmega4\libm.a(fp_cmp.o)
                              c:/program files/microchip/xc8/v3.00/avr/bin/../lib/gcc/avr/5.4.0/../../../../avr/lib/avrxmega4\libm.a(cmpsf2.o) (__fp_cmp)
c:/program files/microchip/xc8/v3.00/avr/bin/../lib/gcc/avr/5.4.0/../../../../avr/lib/avrxmega4\libm.a(fp_inf.o)
                              c:/program files/microchip/xc8/v3.00/avr/bin/../lib/gcc/avr/5.4.0/../../../../avr/lib/avrxmega4\libm.a(addsf3x.o) (__fp_inf)
c:/program files/microchip/xc8/v3.00/avr/bin/../lib/gcc/avr/5.4.0/../../../../avr/lib/avrxmega4\libm.a(fp_nan.o)
                              c:/program files/microchip/xc8/v3.00/avr/bin/../lib/gcc/avr/5.4.0/../../../../avr/lib/avrxmega4\libm.a(addsf3x.o) (__fp_nan)
c:/program files/microchip/xc8/v3.00/avr/bin/../lib/gcc/avr/5.4.0/../../../../avr/lib/avrxmega4\libm.a(fp_pscA.o)
                              c:/program files/microchip/xc8/v3.00/avr/bin/../lib/gcc/avr/5.4.0/../../../../avr/lib/avrxmega4\libm.a(addsf3x.o) (__fp_pscA)
c:/program files/microchip/xc8/v3.00/avr/bin/../lib/gcc/avr/5.4.0/../../../../avr/lib/avrxmega4\libm.a(fp_pscB.o)
                              c:/program files/microchip/xc8/v3.00/avr/bin/../lib/gcc/avr/5.4.0/../../../../avr/lib/avrxmega4\libm.a(addsf3x.o) (__fp_pscB)
c:/program files/microchip/xc8/v3.00/avr/bin/../lib/gcc/avr/5.4.0/../../../../avr/lib/avrxmega4\libm.a(fp_round.o)
                              c:/program files/microchip/xc8/v3.00/avr/bin/../lib/gcc/avr/5.4.0/../../../../avr/lib/avrxmega4\libm.a(addsf3.o) (__fp_round)
c:/program files/microchip/xc8/v3.00/avr/bin/../lib/gcc/avr/5.4.0/../../../../avr/lib/avrxmega4\libm.a(fp_split3.o)
                              c:/program files/microchip/xc8/v3.00/avr/bin/../lib/gcc/avr/5.4.0/../../../../avr/lib/avrxmega4\libm.a(addsf3x.o) (__fp_split3)
c:/program files/microchip/xc8/v3.00/avr/bin/../lib/gcc/avr/5.4.0/../../../../avr/lib/avrxmega4\libm.a(fp_zero.o)
                              c:/program files/microchip/xc8/v3.00/avr/bin/../lib/gcc/avr/5.4.0/../../../../avr/lib/avrxmega4\libm.a(addsf3x.o) (__fp_zero)
c:/program files/microchip/xc8/v3.00/avr/bin/../lib/gcc/avr/5.4.0/../../../../avr/lib/avrxmega4\libm.a(gesf2.o)
                              build/default/production/main.o (__gtsf2)
c:/program files/microchip/xc8/v3.00/avr/bin/../lib/gcc/avr/5.4.0/../../../../avr/lib/avrxmega4\libm.a(mulsf3.o)
                              build/default/production/main.o (__mulsf3)
c:/program files/microchip/xc8/v3.00/avr/bin/../lib/gcc/avr/5.4.0/../../../../avr/lib/avrxmega4\libm.a(mulsf3x.o)
                              c:/program files/microchip/xc8/v3.00/avr/bin/../lib/gcc/avr/5.4.0/../../../../avr/lib/avrxmega4\libm.a(mulsf3.o) (__mulsf3x)
c:/program files/microchip/xc8/v3.00/avr/bin/../lib/gcc/avr/5.4.0/../../../../avr/lib/avrxmega4\libm.a(powf.o)
                              build/default/production/phaseFeatures.o (pow)
c:/program files/microchip/xc8/v3.00/avr/bin/../lib/gcc/avr/5.4.0/../../../../avr/lib/avrxmega4\libm.a(sqrtf.o)
                              c:/program files/microchip/xc8/v3.00/avr/bin/../lib/gcc/avr/5.4.0/../../../../avr/lib/avrxmega4\libm.a(powf.o) (sqrtf)
c:/program files/microchip/xc8/v3.00/avr/bin/../lib/gcc/avr/5.4.0/../../../../avr/lib/avrxmega4\libm.a(fabsf.o)
[...]
Memory Configuration

Name             Origin             Length             Attributes
text             0x0000000000000000 0x0000000000020000 xr
data             0x0000000000804000 0x0000000000004000 rw !x
eeprom           0x0000000000810000 0x0000000000000200 rw !x
fuse             0x0000000000820000 0x0000000000000010 rw !x
lock             0x0000000000830000 0x0000000000000400 rw !x
signature        0x0000000000840000 0x0000000000000400 rw !x
user_signatures  0x0000000000850000 0x0000000000000400 rw !x
bootrow          0x0000000000860000 0x0000000000000400 rw !x
*default*        0x0000000000000000 0xffffffffffffffff

Linker script and memory map

Address of section .data set to 0x804000
                0x0000000000008000                __RODATA_PM_OFFSET__ = 0x8000
LOAD C:/Program Files/Microchip/MPLABX/v6.25/packs/Microchip/AVR-Dx_DFP/2.7.321/xc8/avr/lib/avrxmega4/crtavr128da64.o
                0x0000000000000001                __MPLAB_BUILD = 0x1
LOAD build/default/production/mcc_generated_files/adc/src/adc0.o
LOAD build/default/production/mcc_generated_files/spi/src/spi0.o
LOAD build/default/production/mcc_generated_files/system/src/interrupt.o
LOAD build/default/production/mcc_generated_files/system/src/clock.o
LOAD build/default/production/mcc_generated_files/system/src/protected_io.o
LOAD build/default/production/mcc_generated_files/system/src/config_bits.o
LOAD build/default/production/mcc_generated_files/system/src/system.o
LOAD build/default/production/mcc_generated_files/system/src/pins.o
LOAD build/default/production/mcc_generated_files/timer/src/tca1.o
LOAD build/default/production/mcc_generated_files/timer/src/tca0.o
LOAD build/default/production/mcc_generated_files/uart/src/usart1.o
LOAD build/default/production/mcc_generated_files/vref/src/vref.o
LOAD build/default/production/mcc_generated_files/zcd/src/zcd1.o
LOAD build/default/production/mcc_generated_files/zcd/src/zcd2.o
LOAD build/default/production/mcc_generated_files/zcd/src/zcd0.o
LOAD build/default/production/main.o
LOAD build/default/production/AD5227.o
LOAD build/default/production/AD9833.o
LOAD build/default/production/application.o
LOAD build/default/production/datastreamer.o
LOAD build/default/production/phaseFeatures.o
START GROUP
LOAD c:/program files/microchip/xc8/v3.00/avr/bin/../lib/gcc/avr/5.4.0/../../../../avr/lib/avrxmega4\libm.a
END GROUP
START GROUP
LOAD c:/program files/microchip/xc8/v3.00/avr/bin/../lib/gcc/avr/5.4.0/avrxmega4\libgcc.a
LOAD c:/program files/microchip/xc8/v3.00/avr/bin/../lib/gcc/avr/5.4.0/../../../../avr/lib/avrxmega4\libm.a
LOAD c:/program files/microchip/xc8/v3.00/avr/bin/../lib/gcc/avr/5.4.0/../../../../avr/lib/avrxmega4\libc.a
LOAD C:/Program Files/Microchip/MPLABX/v6.25/packs/Microchip/AVR-Dx_DFP/2.7.321/xc8/avr/lib/avrxmega4\libavr128da64.a
END GROUP
                [0x0000000000000000]                __TEXT_REGION_ORIGIN__ = DEFINED (__TEXT_REGION_ORIGIN__)?__TEXT_REGION_ORIGIN__:0x0
                [0x0000000000804000]                __DATA_REGION_ORIGIN__ = DEFINED (__DATA_REGION_ORIGIN__)?__DATA_REGION_ORIGIN__:0x802000
                [0x0000000000020000]                __TEXT_REGION_LENGTH__ = DEFINED (__TEXT_REGION_LENGTH__)?__TEXT_REGION_LENGTH__:0x100000
                [0x0000000000004000]                __DATA_REGION_LENGTH__ = DEFINED (__DATA_REGION_LENGTH__)?__DATA_REGION_LENGTH__:0xffa0
                [0x0000000000000200]                __EEPROM_REGION_LENGTH__ = DEFINED (__EEPROM_REGION_LENGTH__)?__EEPROM_REGION_LENGTH__:0x10000
                [0x0000000000000010]                __FUSE_REGION_LENGTH__ = DEFINED (__FUSE_REGION_LENGTH__)?__FUSE_REGION_LENGTH__:0x400
                0x0000000000000400                __LOCK_REGION_LENGTH__ = DEFINED (__LOCK_REGION_LENGTH__)?__LOCK_REGION_LENGTH__:0x400
                0x0000000000000400                __SIGNATURE_REGION_LENGTH__ = DEFINED (__SIGNATURE_REGION_LENGTH__)?__SIGNATURE_REGION_LENGTH__:0x400
                0x0000000000000400                __USER_SIGNATURE_REGION_LENGTH__ = DEFINED (__USER_SIGNATURE_REGION_LENGTH__)?__USER_SIGNATURE_REGION_LENGTH__:0x400
                0x0000000000000400                __BOOTROW_REGION_LENGTH__ = DEFINED (__BOOTROW_REGION_LENGTH__)?__BOOTROW_REGION_LENGTH__:0x400

.hash
 *(.hash)

.dynsym
 *(.dynsym)

.dynstr
 *(.dynstr)

.gnu.version
 *(.gnu.version)

.gnu.version_d
 *(.gnu.version_d)

.gnu.version_r
 *(.gnu.version_r)

.rel.init
 *(.rel.init)

.rela.init
 *(.rela.init)

.rel.text
 *(.rel.text)
 *(.rel.text.*)
 *(.rel.gnu.linkonce.t*)

.rela.text
 *(.rela.text)
 *(.rela.text.*)
 *(.rela.gnu.linkonce.t*)

.rel.fini
 *(.rel.fini)

.rela.fini
 *(.rela.fini)

.rel.rodata
 *(.rel.rodata)
 *(.rel.rodata.*)
 *(.rel.gnu.linkonce.r*)

.rela.rodata
 *(.rela.rodata)
 *(.rela.rodata.*)
 *(.rela.gnu.linkonce.r*)

.rel.data
 *(.rel.data)
 *(.rel.data.*)
 *(.rel.gnu.linkonce.d*)

.rela.data
 *(.rela.data)
 *(.rela.data.*)
 *(.rela.gnu.linkonce.d*)

.rel.ctors
 *(.rel.ctors)

.rela.ctors
 *(.rela.ctors)

.rel.dtors
 *(.rel.dtors)

.rela.dtors
 *(.rela.dtors)

.rel.got
 *(.rel.got)

.rela.got
 *(.rela.got)

.rel.bss
 *(.rel.bss)

.rela.bss
 *(.rela.bss)

.rel.plt
 *(.rel.plt)

.rela.plt
 *(.rela.plt)

.text           0x0000000000000000      0x19a
 *(.vectors)
 .vectors       0x0000000000000000      0x100 C:/Program Files/Microchip/MPLABX/v6.25/packs/Microchip/AVR-Dx_DFP/2.7.321/xc8/avr/lib/avrxmega4/crtavr128da64.o
                0x0000000000000000                __vector_default
                0x0000000000000000                __vectors
 *(.vectors)
 *(.progmem.gcc*)
 *(.dinit)
 .dinit         0x0000000000000100       0x41 data_init
                0x0000000000000142                . = ALIGN (0x2)
 *fill*         0x0000000000000141        0x1 
                0x0000000000000142                __trampolines_start = .
 *(.trampolines)
 .trampolines   0x0000000000000142        0x0 linker stubs
 *(.trampolines*)
                0x0000000000000142                __trampolines_end = .
 *libprintf_flt.a:*(.progmem.data)
 *libc.a:*(.progmem.data)
                0x0000000000000142                . = ALIGN (0x2)
 *(.jumptables)
 *(.jumptables*)
 *(.lowtext)
 *(.lowtext*)
                0x0000000000000142                __ctors_start = .
 *(.ctors)
                0x0000000000000142                __ctors_end = .
                0x0000000000000142                __dtors_start = .
 *(.dtors)
                0x0000000000000142                __dtors_end = .
 SORT(*)(.ctors)
 SORT(*)(.dtors)
 *(.init0)
 .init0         0x0000000000000142        0x0 C:/Program Files/Microchip/MPLABX/v6.25/packs/Microchip/AVR-Dx_DFP/2.7.321/xc8/avr/lib/avrxmega4/crtavr128da64.o
                0x0000000000000142                __init
 *(.init0)
 *(.init1)
 *(.init1)
 *(.init2)
 .init2         0x0000000000000142        0xc C:/Program Files/Microchip/MPLABX/v6.25/packs/Microchip/AVR-Dx_DFP/2.7.321/xc8/avr/lib/avrxmega4/crtavr128da64.o
 *(.init2)
 *(.init3)
 *(.init3)
 *(.init4)
 .init4         0x000000000000014e       0x40 c:/program files/microchip/xc8/v3.00/avr/bin/../lib/gcc/avr/5.4.0/avrxmega4\libgcc.a(_copy_data.o)
                0x000000000000014e                __do_copy_data
                0x0000000000000180                __do_clear_bss
 *(.init4)
 *(.init5)
 *(.init5)
 *(.init6)
 *(.init6)
 *(.init7)
 *(.init7)
 *(.init8)
 *(.init8)
 *(.init9)
 .init9         0x000000000000018e        0x8 C:/Program Files/Microchip/MPLABX/v6.25/packs/Microchip/AVR-Dx_DFP/2.7.321/xc8/avr/lib/avrxmega4/crtavr128da64.o
 *(.init9)
                0x0000000000000196                . = ALIGN (0x2)
 *(.fini9)
 .fini9         0x0000000000000196        0x0 c:/program files/microchip/xc8/v3.00/avr/bin/../lib/gcc/avr/5.4.0/avrxmega4\libgcc.a(_exit.o)
                0x0000000000000196                _exit
 *(.fini9)
 *(.fini8)
 *(.fini8)
 *(.fini7)
 *(.fini7)
 *(.fini6)
 *(.fini6)
 *(.fini5)
 *(.fini5)
 *(.fini4)
 *(.fini4)
 *(.fini3)
 *(.fini3)
 *(.fini2)
 *(.fini2)
 *(.fini1)
 *(.fini1)
 *(.fini0)
 .fini0         0x0000000000000196        0x4 c:/program files/microchip/xc8/v3.00/avr/bin/../lib/gcc/avr/5.4.0/avrxmega4\libgcc.a(_exit.o)
 *(.fini0)
                0x000000000000019a                _etext = .

.data           0x0000000000804000        0x0 load address 0x000000000000019a
                [!provide]                        PROVIDE (__data_start, .)
 *(.gnu.linkonce.d*)
 *(.gnu.linkonce.r*)
                0x0000000000804000                . = ALIGN (0x2)
                0x0000000000804000                _edata = .
                [!provide]                        PROVIDE (__data_end, .)

.bss            0x0000000000804000        0x2
                [!provide]                        PROVIDE (__bss_start, .)
 *(COMMON)
 COMMON         0x0000000000804000        0x2 c:/program files/microchip/xc8/v3.00/avr/bin/../lib/gcc/avr/5.4.0/../../../../avr/lib/avrxmega4\libc.a(errno.o)
                0x0000000000804000                __errno_val
                [!provide]                        PROVIDE (__bss_end, .)
                0x000000000000019a                __data_load_start = LOADADDR (.data)
                0x000000000000019a                __data_load_end = (__data_load_start + SIZEOF (.data))

.noinit         0x0000000000804002        0x0
                [!provide]                        PROVIDE (__noinit_start, .)
 *(.noinit*)
                [!provide]                        PROVIDE (__noinit_end, .)
                0x0000000000804002                _end = .

.eeprom         0x0000000000810000        0x0
 *(.eeprom*)
                0x0000000000810000                __eeprom_end = .

.fuse           0x0000000000820000        0x9
 *(.fuse)
 .fuse          0x0000000000820000        0x9 build/default/production/mcc_generated_files/system/src/config_bits.o
                0x0000000000820000                __fuse
 *(.lfuse)
 *(.hfuse)
 *(.efuse)

.lock
 *(.lock*)

.signature
 *(.signature*)

.user_signatures
 *(.user_signatures*)

.bootrow
 *(.bootrow*)

.stab
 *(.stab)

.stabstr
 *(.stabstr)

.stab.excl
 *(.stab.excl)

.stab.exclstr
 *(.stab.exclstr)

.stab.index
 *(.stab.index)

.stab.indexstr
 *(.stab.indexstr)

.comment        0x0000000000000000       0x5b
 *(.comment)
 .comment       0x0000000000000000       0x2f build/default/production/mcc_generated_files/adc/src/adc0.o
                                         0x30 (size before relaxing)
 .comment       0x000000000000002f       0x30 build/default/production/mcc_generated_files/spi/src/spi0.o
 .comment       0x000000000000002f       0x30 build/default/production/mcc_generated_files/system/src/interrupt.o
 .comment       0x000000000000002f       0x30 build/default/production/mcc_generated_files/system/src/clock.o
 .comment       0x000000000000002f       0x30 build/default/production/mcc_generated_files/system/src/config_bits.o
 .comment       0x000000000000002f       0x30 build/default/production/mcc_generated_files/system/src/system.o
 .comment       0x000000000000002f       0x30 build/default/production/mcc_generated_files/system/src/pins.o
 .comment       0x000000000000002f       0x30 build/default/production/mcc_generated_files/timer/src/tca1.o
 .comment       0x000000000000002f       0x30 build/default/production/mcc_generated_files/timer/src/tca0.o
 .comment       0x000000000000002f       0x30 build/default/production/mcc_generated_files/uart/src/usart1.o
 .comment       0x000000000000002f       0x30 build/default/production/mcc_generated_files/vref/src/vref.o
 .comment       0x000000000000002f       0x30 build/default/production/mcc_generated_files/zcd/src/zcd1.o
 .comment       0x000000000000002f       0x30 build/default/production/mcc_generated_files/zcd/src/zcd2.o
 .comment       0x000000000000002f       0x30 build/default/production/mcc_generated_files/zcd/src/zcd0.o
 .comment       0x000000000000002f       0x30 build/default/production/main.o
 .comment       0x000000000000002f       0x30 build/default/production/AD5227.o
 .comment       0x000000000000002f       0x30 build/default/production/AD9833.o
 .comment       0x000000000000002f       0x30 build/default/production/application.o
 .comment       0x000000000000002f       0x30 build/default/production/datastreamer.o
 .comment       0x000000000000002f       0x30 build/default/production/phaseFeatures.o
 .comment       0x000000000000002f       0x2c c:/program files/microchip/xc8/v3.00/avr/bin/../lib/gcc/avr/5.4.0/../../../../avr/lib/avrxmega4\libm.a(powf.o)
                                         0x2d (size before relaxing)
 .comment       0x000000000000005b       0x2d c:/program files/microchip/xc8/v3.00/avr/bin/../lib/gcc/avr/5.4.0/../../../../avr/lib/avrxmega4\libm.a(sqrtf.o)
 .comment       0x000000000000005b       0x2d c:/program files/microchip/xc8/v3.00/avr/bin/../lib/gcc/avr/5.4.0/../../../../avr/lib/avrxmega4\libm.a(fabsf.o)
 .comment       0x000000000000005b       0x2d c:/program files/microchip/xc8/v3.00/avr/bin/../lib/gcc/avr/5.4.0/../../../../avr/lib/avrxmega4\libm.a(scalbnf.o)
 .comment       0x000000000000005b       0x2d c:/program files/microchip/xc8/v3.00/avr/bin/../lib/gcc/avr/5.4.0/../../../../avr/lib/avrxmega4\libc.a(errno.o)
 .comment       0x000000000000005b       0x2d c:/program files/microchip/xc8/v3.00/avr/bin/../lib/gcc/avr/5.4.0/../../../../avr/lib/avrxmega4\libc.a(exit.o)
 .comment       0x000000000000005b       0x2d c:/program files/microchip/xc8/v3.00/avr/bin/../lib/gcc/avr/5.4.0/../../../../avr/lib/avrxmega4\libc.a(stdout.o)
 .comment       0x000000000000005b       0x2d c:/program files/microchip/xc8/v3.00/avr/bin/../lib/gcc/avr/5.4.0/../../../../avr/lib/avrxmega4\libc.a(_Exit.o)

.stack.descriptors.hdr
                0x0000000000000000      0x17a
 .stack.descriptors.hdr
                0x0000000000000000        0xe c:/program files/microchip/xc8/v3.00/avr/bin/../lib/gcc/avr/5.4.0/../../../../avr/lib/avrxmega4\libm.a(addsf3.o)
 .stack.descriptors.hdr
                0x000000000000000e        0xe c:/program files/microchip/xc8/v3.00/avr/bin/../lib/gcc/avr/5.4.0/../../../../avr/lib/avrxmega4\libm.a(addsf3x.o)
 .stack.descriptors.hdr
                0x000000000000001c        0xe c:/program files/microchip/xc8/v3.00/avr/bin/../lib/gcc/avr/5.4.0/../../../../avr/lib/avrxmega4\libm.a(cmpsf2.o)
 .stack.descriptors.hdr
                0x000000000000002a        0xe c:/program files/microchip/xc8/v3.00/avr/bin/../lib/gcc/avr/5.4.0/../../../../avr/lib/avrxmega4\libm.a(divsf3.o)
 .stack.descriptors.hdr
                0x0000000000000038        0xe c:/program files/microchip/xc8/v3.00/avr/bin/../lib/gcc/avr/5.4.0/../../../../avr/lib/avrxmega4\libm.a(divsf3x.o)
 .stack.descriptors.hdr
                0x0000000000000046        0xe c:/program files/microchip/xc8/v3.00/avr/bin/../lib/gcc/avr/5.4.0/../../../../avr/lib/avrxmega4\libm.a(fixunssfsi.o)
 .stack.descriptors.hdr
                0x0000000000000054        0xe c:/program files/microchip/xc8/v3.00/avr/bin/../lib/gcc/avr/5.4.0/../../../../avr/lib/avrxmega4\libm.a(floatsisf.o)
 .stack.descriptors.hdr
                0x0000000000000062        0xe c:/program files/microchip/xc8/v3.00/avr/bin/../lib/gcc/avr/5.4.0/../../../../avr/lib/avrxmega4\libm.a(fp_cmp.o)
 .stack.descriptors.hdr
                0x0000000000000070        0xe c:/program files/microchip/xc8/v3.00/avr/bin/../lib/gcc/avr/5.4.0/../../../../avr/lib/avrxmega4\libm.a(fp_inf.o)
 .stack.descriptors.hdr
                0x000000000000007e        0xe c:/program files/microchip/xc8/v3.00/avr/bin/../lib/gcc/avr/5.4.0/../../../../avr/lib/avrxmega4\libm.a(fp_nan.o)
 .stack.descriptors.hdr
                0x000000000000008c        0xe c:/program files/microchip/xc8/v3.00/avr/bin/../lib/gcc/avr/5.4.0/../../../../avr/lib/avrxmega4\libm.a(fp_pscA.o)
 .stack.descriptors.hdr
                0x000000000000009a        0xe c:/program files/microchip/xc8/v3.00/avr/bin/../lib/gcc/avr/5.4.0/../../../../avr/lib/avrxmega4\libm.a(fp_pscB.o)
 .stack.descriptors.hdr
                0x00000000000000a8        0xe c:/program files/microchip/xc8/v3.00/avr/bin/../lib/gcc/avr/5.4.0/../../../../avr/lib/avrxmega4\libm.a(fp_round.o)
 .stack.descriptors.hdr
                0x00000000000000b6        0xe c:/program files/microchip/xc8/v3.00/avr/bin/../lib/gcc/avr/5.4.0/../../../../avr/lib/avrxmega4\libm.a(fp_split3.o)
 .stack.descriptors.hdr
                0x00000000000000c4        0xe c:/program files/microchip/xc8/v3.00/avr/bin/../lib/gcc/avr/5.4.0/../../../../avr/lib/avrxmega4\libm.a(fp_zero.o)
 .stack.descriptors.hdr
                0x00000000000000d2        0xe c:/program files/microchip/xc8/v3.00/avr/bin/../lib/gcc/avr/5.4.0/../../../../avr/lib/avrxmega4\libm.a(gesf2.o)
 .stack.descriptors.hdr
                0x00000000000000e0        0xe c:/program files/microchip/xc8/v3.00/avr/bin/../lib/gcc/avr/5.4.0/../../../../avr/lib/avrxmega4\libm.a(mulsf3.o)
 .stack.descriptors.hdr
                0x00000000000000ee        0xe c:/program files/microchip/xc8/v3.00/avr/bin/../lib/gcc/avr/5.4.0/../../../../avr/lib/avrxmega4\libm.a(mulsf3x.o)
 .stack.descriptors.hdr
                0x00000000000000fc        0xe c:/program files/microchip/xc8/v3.00/avr/bin/../lib/gcc/avr/5.4.0/../../../../avr/lib/avrxmega4\libm.a(powf.o)
 .stack.descriptors.hdr
                0x000000000000010a        0xe c:/program files/microchip/xc8/v3.00/avr/bin/../lib/gcc/avr/5.4.0/../../../../avr/lib/avrxmega4\libm.a(sqrtf.o)
 .stack.descriptors.hdr
                0x0000000000000118        0xe c:/program files/microchip/xc8/v3.00/avr/bin/../lib/gcc/avr/5.4.0/../../../../avr/lib/avrxmega4\libm.a(fabsf.o)
 .stack.descriptors.hdr
                0x0000000000000126        0xe c:/program files/microchip/xc8/v3.00/avr/bin/../lib/gcc/avr/5.4.0/../../../../avr/lib/avrxmega4\libm.a(scalbnf.o)
 .stack.descriptors.hdr
                0x0000000000000134        0xe c:/program files/microchip/xc8/v3.00/avr/bin/../lib/gcc/avr/5.4.0/../../../../avr/lib/avrxmega4\libc.a(errno.o)
 .stack.descriptors.hdr
                0x0000000000000142        0xe c:/program files/microchip/xc8/v3.00/avr/bin/../lib/gcc/avr/5.4.0/../../../../avr/lib/avrxmega4\libc.a(exit.o)
 .stack.descriptors.hdr
                0x0000000000000150        0xe c:/program files/microchip/xc8/v3.00/avr/bin/../lib/gcc/avr/5.4.0/../../../../avr/lib/avrxmega4\libc.a(stdout.o)
 .stack.descriptors.hdr
                0x000000000000015e        0xe c:/program files/microchip/xc8/v3.00/avr/bin/../lib/gcc/avr/5.4.0/../../../../avr/lib/avrxmega4\libc.a(_Exit.o)
 .stack.descriptors.hdr
                0x000000000000016c        0xe c:/program files/microchip/xc8/v3.00/avr/bin/../lib/gcc/avr/5.4.0/avrxmega4\libgcc.a(_exit.o)

.note.GNU-stack
                0x0000000000000000        0x0
 .note.GNU-stack
                0x0000000000000000        0x0 c:/program files/microchip/xc8/v3.00/avr/bin/../lib/gcc/avr/5.4.0/../../../../avr/lib/avrxmega4\libm.a(addsf3.o)
 .note.GNU-stack
                0x0000000000000000        0x0 c:/program files/microchip/xc8/v3.00/avr/bin/../lib/gcc/avr/5.4.0/../../../../avr/lib/avrxmega4\libm.a(addsf3x.o)
 .note.GNU-stack
                0x0000000000000000        0x0 c:/program files/microchip/xc8/v3.00/avr/bin/../lib/gcc/avr/5.4.0/../../../../avr/lib/avrxmega4\libm.a(cmpsf2.o)
 .note.GNU-stack
                0x0000000000000000        0x0 c:/program files/microchip/xc8/v3.00/avr/bin/../lib/gcc/avr/5.4.0/../../../../avr/lib/avrxmega4\libm.a(divsf3.o)
 .note.GNU-stack
                0x0000000000000000        0x0 c:/program files/microchip/xc8/v3.00/avr/bin/../lib/gcc/avr/5.4.0/../../../../avr/lib/avrxmega4\libm.a(divsf3x.o)
 .note.GNU-stack
                0x0000000000000000        0x0 c:/program files/microchip/xc8/v3.00/avr/bin/../lib/gcc/avr/5.4.0/../../../../avr/lib/avrxmega4\libm.a(fixunssfsi.o)
 .note.GNU-stack
                0x0000000000000000        0x0 c:/program files/microchip/xc8/v3.00/avr/bin/../lib/gcc/avr/5.4.0/../../../../avr/lib/avrxmega4\libm.a(floatsisf.o)
 .note.GNU-stack
                0x0000000000000000        0x0 c:/program files/microchip/xc8/v3.00/avr/bin/../lib/gcc/avr/5.4.0/../../../../avr/lib/avrxmega4\libm.a(fp_cmp.o)
 .note.GNU-stack
                0x0000000000000000        0x0 c:/program files/microchip/xc8/v3.00/avr/bin/../lib/gcc/avr/5.4.0/../../../../avr/lib/avrxmega4\libm.a(fp_inf.o)
 .note.GNU-stack
                0x0000000000000000        0x0 c:/program files/microchip/xc8/v3.00/avr/bin/../lib/gcc/avr/5.4.0/../../../../avr/lib/avrxmega4\libm.a(fp_nan.o)
 .note.GNU-stack
                0x0000000000000000        0x0 c:/program files/microchip/xc8/v3.00/avr/bin/../lib/gcc/avr/5.4.0/../../../../avr/lib/avrxmega4\libm.a(fp_pscA.o)
 .note.GNU-stack
                0x0000000000000000        0x0 c:/program files/microchip/xc8/v3.00/avr/bin/../lib/gcc/avr/5.4.0/../../../../avr/lib/avrxmega4\libm.a(fp_pscB.o)
 .note.GNU-stack
                0x0000000000000000        0x0 c:/program files/microchip/xc8/v3.00/avr/bin/../lib/gcc/avr/5.4.0/../../../../avr/lib/avrxmega4\libm.a(fp_round.o)
 .note.GNU-stack
                0x0000000000000000        0x0 c:/program files/microchip/xc8/v3.00/avr/bin/../lib/gcc/avr/5.4.0/../../../../avr/lib/avrxmega4\libm.a(fp_split3.o)
 .note.GNU-stack
                0x0000000000000000        0x0 c:/program files/microchip/xc8/v3.00/avr/bin/../lib/gcc/avr/5.4.0/../../../../avr/lib/avrxmega4\libm.a(fp_zero.o)
 .note.GNU-stack
                0x0000000000000000        0x0 c:/program files/microchip/xc8/v3.00/avr/bin/../lib/gcc/avr/5.4.0/../../../../avr/lib/avrxmega4\libm.a(gesf2.o)
 .note.GNU-stack
                0x0000000000000000        0x0 c:/program files/microchip/xc8/v3.00/avr/bin/../lib/gcc/avr/5.4.0/../../../../avr/lib/avrxmega4\libm.a(mulsf3.o)
 .note.GNU-stack
                0x0000000000000000        0x0 c:/program files/microchip/xc8/v3.00/avr/bin/../lib/gcc/avr/5.4.0/../../../../avr/lib/avrxmega4\libm.a(mulsf3x.o)
 .note.GNU-stack
                0x0000000000000000        0x0 c:/program files/microchip/xc8/v3.00/avr/bin/../lib/gcc/avr/5.4.0/../../../../avr/lib/avrxmega4\libm.a(powf.o)
 .note.GNU-stack
                0x0000000000000000        0x0 c:/program files/microchip/xc8/v3.00/avr/bin/../lib/gcc/avr/5.4.0/../../../../avr/lib/avrxmega4\libm.a(sqrtf.o)
 .note.GNU-stack
                0x0000000000000000        0x0 c:/program files/microchip/xc8/v3.00/avr/bin/../lib/gcc/avr/5.4.0/../../../../avr/lib/avrxmega4\libm.a(fabsf.o)
 .note.GNU-stack
                0x0000000000000000        0x0 c:/program files/microchip/xc8/v3.00/avr/bin/../lib/gcc/avr/5.4.0/../../../../avr/lib/avrxmega4\libm.a(scalbnf.o)
 .note.GNU-stack
                0x0000000000000000        0x0 c:/program files/microchip/xc8/v3.00/avr/bin/../lib/gcc/avr/5.4.0/../../../../avr/lib/avrxmega4\libc.a(errno.o)
 .note.GNU-stack
                0x0000000000000000        0x0 c:/program files/microchip/xc8/v3.00/avr/bin/../lib/gcc/avr/5.4.0/../../../../avr/lib/avrxmega4\libc.a(exit.o)
 .note.GNU-stack
                0x0000000000000000        0x0 c:/program files/microchip/xc8/v3.00/avr/bin/../lib/gcc/avr/5.4.0/../../../../avr/lib/avrxmega4\libc.a(stdout.o)
 .note.GNU-stack
                0x0000000000000000        0x0 c:/program files/microchip/xc8/v3.00/avr/bin/../lib/gcc/avr/5.4.0/../../../../avr/lib/avrxmega4\libc.a(_Exit.o)

.note.gnu.build-id
 *(.note.gnu.build-id)

.debug
 *(.debug)

.line
 *(.line)

.debug_srcinfo
 *(.debug_srcinfo)

.debug_sfnames
 *(.debug_sfnames)

.debug_aranges  0x0000000000000000      0x988
 *(.debug_aranges)
 .debug_aranges
                0x0000000000000000       0xf8 build/default/production/mcc_generated_files/adc/src/adc0.o
 .debug_aranges
                0x00000000000000f8       0x80 build/default/production/mcc_generated_files/spi/src/spi0.o
 .debug_aranges
                0x0000000000000178       0x28 build/default/production/mcc_generated_files/system/src/interrupt.o
 .debug_aranges
                0x00000000000001a0       0x28 build/default/production/mcc_generated_files/system/src/clock.o
 .debug_aranges
                0x00000000000001c8       0x20 build/default/production/mcc_generated_files/system/src/protected_io.o
 .debug_aranges
                0x00000000000001e8       0x18 build/default/production/mcc_generated_files/system/src/config_bits.o
 .debug_aranges
                0x0000000000000200       0x20 build/default/production/mcc_generated_files/system/src/system.o
 .debug_aranges
                0x0000000000000220      0x1d8 build/default/production/mcc_generated_files/system/src/pins.o
 .debug_aranges
                0x00000000000003f8       0xf0 build/default/production/mcc_generated_files/timer/src/tca1.o
 .debug_aranges
                0x00000000000004e8       0xf0 build/default/production/mcc_generated_files/timer/src/tca0.o
 .debug_aranges
                0x00000000000005d8      0x138 build/default/production/mcc_generated_files/uart/src/usart1.o
 .debug_aranges
                0x0000000000000710       0x20 build/default/production/mcc_generated_files/vref/src/vref.o
 .debug_aranges
                0x0000000000000730       0x28 build/default/production/mcc_generated_files/zcd/src/zcd1.o
 .debug_aranges
                0x0000000000000758       0x28 build/default/production/mcc_generated_files/zcd/src/zcd2.o
 .debug_aranges
                0x0000000000000780       0x28 build/default/production/mcc_generated_files/zcd/src/zcd0.o
 .debug_aranges
                0x00000000000007a8       0x20 build/default/production/main.o
 .debug_aranges
                0x00000000000007c8       0x50 build/default/production/AD5227.o
 .debug_aranges
                0x0000000000000818       0x70 build/default/production/AD9833.o
 .debug_aranges
                0x0000000000000888       0x70 build/default/production/application.o
 .debug_aranges
                0x00000000000008f8       0x30 build/default/production/datastreamer.o
 .debug_aranges
                0x0000000000000928       0x60 build/default/production/phaseFeatures.o

.debug_pubnames
 *(.debug_pubnames)

.debug_info     0x0000000000000000     0xef5b
 *(.debug_info .gnu.linkonce.wi.*)
 .debug_info    0x0000000000000000     0x3675 C:/Program Files/Microchip/MPLABX/v6.25/packs/Microchip/AVR-Dx_DFP/2.7.321/xc8/avr/lib/avrxmega4/crtavr128da64.o
 .debug_info    0x0000000000003675     0x18d3 build/default/production/mcc_generated_files/adc/src/adc0.o
 .debug_info    0x0000000000004f48      0x9eb build/default/production/mcc_generated_files/spi/src/spi0.o
 .debug_info    0x0000000000005933      0x37c build/default/production/mcc_generated_files/system/src/interrupt.o
 .debug_info    0x0000000000005caf      0x808 build/default/production/mcc_generated_files/system/src/clock.o
 .debug_info    0x00000000000064b7       0x6a build/default/production/mcc_generated_files/system/src/protected_io.o
 .debug_info    0x0000000000006521      0x829 build/default/production/mcc_generated_files/system/src/config_bits.o
 .debug_info    0x0000000000006d4a      0x27d build/default/production/mcc_generated_files/system/src/system.o
 .debug_info    0x0000000000006fc7     0x14f9 build/default/production/mcc_generated_files/system/src/pins.o
 .debug_info    0x00000000000084c0     0x12d1 build/default/production/mcc_generated_files/timer/src/tca1.o
 .debug_info    0x0000000000009791     0x12cf build/default/production/mcc_generated_files/timer/src/tca0.o
 .debug_info    0x000000000000aa60     0x12a1 build/default/production/mcc_generated_files/uart/src/usart1.o
 .debug_info    0x000000000000bd01      0x32d build/default/production/mcc_generated_files/vref/src/vref.o
 .debug_info    0x000000000000c02e      0x355 build/default/production/mcc_generated_files/zcd/src/zcd1.o
 .debug_info    0x000000000000c383      0x355 build/default/production/mcc_generated_files/zcd/src/zcd2.o
 .debug_info    0x000000000000c6d8      0x355 build/default/production/mcc_generated_files/zcd/src/zcd0.o
 .debug_info    0x000000000000ca2d      0x336 build/default/production/main.o
 .debug_info    0x000000000000cd63      0x451 build/default/production/AD5227.o
 .debug_info    0x000000000000d1b4      0x5c1 build/default/production/AD9833.o
 .debug_info    0x000000000000d775      0xb12 build/default/production/application.o
 .debug_info    0x000000000000e287      0x5a4 build/default/production/datastreamer.o
 .debug_info    0x000000000000e82b      0x730 build/default/production/phaseFeatures.o

.debug_abbrev   0x0000000000000000     0x4a17
 *(.debug_abbrev)
 .debug_abbrev  0x0000000000000000     0x3394 C:/Program Files/Microchip/MPLABX/v6.25/packs/Microchip/AVR-Dx_DFP/2.7.321/xc8/avr/lib/avrxmega4/crtavr128da64.o
 .debug_abbrev  0x0000000000003394      0x193 build/default/production/mcc_generated_files/adc/src/adc0.o
 .debug_abbrev  0x0000000000003527      0x1b3 build/default/production/mcc_generated_files/spi/src/spi0.o
 .debug_abbrev  0x00000000000036da       0xc0 build/default/production/mcc_generated_files/system/src/interrupt.o
 .debug_abbrev  0x000000000000379a       0xd2 build/default/production/mcc_generated_files/system/src/clock.o
 .debug_abbrev  0x000000000000386c       0x14 build/default/production/mcc_generated_files/system/src/protected_io.o
 .debug_abbrev  0x0000000000003880       0x97 build/default/production/mcc_generated_files/system/src/config_bits.o
 .debug_abbrev  0x0000000000003917       0x39 build/default/production/mcc_generated_files/system/src/system.o
 .debug_abbrev  0x0000000000003950      0x150 build/default/production/mcc_generated_files/system/src/pins.o
 .debug_abbrev  0x0000000000003aa0      0x1cc build/default/production/mcc_generated_files/timer/src/tca1.o
 .debug_abbrev  0x0000000000003c6c      0x1cc build/default/production/mcc_generated_files/timer/src/tca0.o
 .debug_abbrev  0x0000000000003e38      0x2c1 build/default/production/mcc_generated_files/uart/src/usart1.o
 .debug_abbrev  0x00000000000040f9       0x8c build/default/production/mcc_generated_files/vref/src/vref.o
 .debug_abbrev  0x0000000000004185       0xa4 build/default/production/mcc_generated_files/zcd/src/zcd1.o
 .debug_abbrev  0x0000000000004229       0xa4 build/default/production/mcc_generated_files/zcd/src/zcd2.o
 .debug_abbrev  0x00000000000042cd       0xa4 build/default/production/mcc_generated_files/zcd/src/zcd0.o
 .debug_abbrev  0x0000000000004371       0xae build/default/production/main.o
 .debug_abbrev  0x000000000000441f       0xd9 build/default/production/AD5227.o
 .debug_abbrev  0x00000000000044f8      0x10d build/default/production/AD9833.o
 .debug_abbrev  0x0000000000004605      0x1db build/default/production/application.o
 .debug_abbrev  0x00000000000047e0      0x116 build/default/production/datastreamer.o
 .debug_abbrev  0x00000000000048f6      0x121 build/default/production/phaseFeatures.o

.debug_line     0x0000000000000000     0x421c
 *(.debug_line .debug_line.* .debug_line_end)
 .debug_line    0x0000000000000000      0x217 C:/Program Files/Microchip/MPLABX/v6.25/packs/Microchip/AVR-Dx_DFP/2.7.321/xc8/avr/lib/avrxmega4/crtavr128da64.o
 .debug_line    0x0000000000000217      0x5be build/default/production/mcc_generated_files/adc/src/adc0.o
 .debug_line    0x00000000000007d5      0x46a build/default/production/mcc_generated_files/spi/src/spi0.o
 .debug_line    0x0000000000000c3f      0x17e build/default/production/mcc_generated_files/system/src/interrupt.o
 .debug_line    0x0000000000000dbd      0x192 build/default/production/mcc_generated_files/system/src/clock.o
 .debug_line    0x0000000000000f4f       0x73 build/default/production/mcc_generated_files/system/src/protected_io.o
 .debug_line    0x0000000000000fc2      0x103 build/default/production/mcc_generated_files/system/src/config_bits.o
 .debug_line    0x00000000000010c5       0xa3 build/default/production/mcc_generated_files/system/src/system.o
 .debug_line    0x0000000000001168      0xa53 build/default/production/mcc_generated_files/system/src/pins.o
 .debug_line    0x0000000000001bbb      0x55a build/default/production/mcc_generated_files/timer/src/tca1.o
 .debug_line    0x0000000000002115      0x55a build/default/production/mcc_generated_files/timer/src/tca0.o
 .debug_line    0x000000000000266f      0x7f6 build/default/production/mcc_generated_files/uart/src/usart1.o
 .debug_line    0x0000000000002e65      0x128 build/default/production/mcc_generated_files/vref/src/vref.o
 .debug_line    0x0000000000002f8d      0x13d build/default/production/mcc_generated_files/zcd/src/zcd1.o
 .debug_line    0x00000000000030ca      0x13d build/default/production/mcc_generated_files/zcd/src/zcd2.o
 .debug_line    0x0000000000003207      0x13d build/default/production/mcc_generated_files/zcd/src/zcd0.o
 .debug_line    0x0000000000003344      0x154 build/default/production/main.o
 .debug_line    0x0000000000003498      0x1e2 build/default/production/AD5227.o
 .debug_line    0x000000000000367a      0x28c build/default/production/AD9833.o
 .debug_line    0x0000000000003906      0x4b0 build/default/production/application.o
 .debug_line    0x0000000000003db6      0x1b9 build/default/production/datastreamer.o
 .debug_line    0x0000000000003f6f      0x2ad build/default/production/phaseFeatures.o

.debug_frame    0x0000000000000000     0x24d4
 *(.debug_frame)
 .debug_frame   0x0000000000000000      0x394 build/default/production/mcc_generated_files/adc/src/adc0.o
 .debug_frame   0x0000000000000394      0x1b4 build/default/production/mcc_generated_files/spi/src/spi0.o
 .debug_frame   0x0000000000000548       0x54 build/default/production/mcc_generated_files/system/src/interrupt.o
 .debug_frame   0x000000000000059c       0x54 build/default/production/mcc_generated_files/system/src/clock.o
 .debug_frame   0x00000000000005f0       0x34 build/default/production/mcc_generated_files/system/src/system.o
 .debug_frame   0x0000000000000624      0x8cc build/default/production/mcc_generated_files/system/src/pins.o
 .debug_frame   0x0000000000000ef0      0x484 build/default/production/mcc_generated_files/timer/src/tca1.o
 .debug_frame   0x0000000000001374      0x484 build/default/production/mcc_generated_files/timer/src/tca0.o
 .debug_frame   0x00000000000017f8      0x560 build/default/production/mcc_generated_files/uart/src/usart1.o
 .debug_frame   0x0000000000001d58       0x34 build/default/production/mcc_generated_files/vref/src/vref.o
 .debug_frame   0x0000000000001d8c       0x74 build/default/production/mcc_generated_files/zcd/src/zcd1.o
 .debug_frame   0x0000000000001e00       0x74 build/default/production/mcc_generated_files/zcd/src/zcd2.o
 .debug_frame   0x0000000000001e74       0x74 build/default/production/mcc_generated_files/zcd/src/zcd0.o
 .debug_frame   0x0000000000001ee8       0x34 build/default/production/main.o
 .debug_frame   0x0000000000001f1c       0xf4 build/default/production/AD5227.o
 .debug_frame   0x0000000000002010      0x174 build/default/production/AD9833.o
 .debug_frame   0x0000000000002184      0x17c build/default/production/application.o
 .debug_frame   0x0000000000002300       0x80 build/default/production/datastreamer.o
 .debug_frame   0x0000000000002380      0x154 build/default/production/phaseFeatures.o

.debug_str      0x0000000000000000     0x18a8
 *(.debug_str)
 .debug_str     0x0000000000000000     0x1702 C:/Program Files/Microchip/MPLABX/v6.25/packs/Microchip/AVR-Dx_DFP/2.7.321/xc8/avr/lib/avrxmega4/crtavr128da64.o
 .debug_str     0x0000000000001702        0x9 build/default/production/mcc_generated_files/adc/src/adc0.o
 .debug_str     0x000000000000170b       0x4b build/default/production/mcc_generated_files/spi/src/spi0.o
 .debug_str     0x0000000000001756        0x0 build/default/production/mcc_generated_files/system/src/interrupt.o
 .debug_str     0x0000000000001756        0x0 build/default/production/mcc_generated_files/system/src/clock.o
 .debug_str     0x0000000000001756        0x0 build/default/production/mcc_generated_files/system/src/config_bits.o
 .debug_str     0x0000000000001756        0x0 build/default/production/mcc_generated_files/system/src/system.o
 .debug_str     0x0000000000001756       0x25 build/default/production/mcc_generated_files/system/src/pins.o
 .debug_str     0x000000000000177b       0x72 build/default/production/mcc_generated_files/timer/src/tca1.o
 .debug_str     0x00000000000017ed       0x72 build/default/production/mcc_generated_files/timer/src/tca0.o
 .debug_str     0x000000000000185f       0x10 build/default/production/mcc_generated_files/uart/src/usart1.o
 .debug_str     0x000000000000186f        0x0 build/default/production/mcc_generated_files/vref/src/vref.o
 .debug_str     0x000000000000186f        0x0 build/default/production/mcc_generated_files/zcd/src/zcd1.o
 .debug_str     0x000000000000186f        0x0 build/default/production/mcc_generated_files/zcd/src/zcd2.o
 .debug_str     0x000000000000186f        0x0 build/default/production/mcc_generated_files/zcd/src/zcd0.o
 .debug_str     0x000000000000186f        0x0 build/default/production/main.o
 .debug_str     0x000000000000186f       0x1d build/default/production/AD5227.o
 .debug_str     0x000000000000188c       0x10 build/default/production/AD9833.o
 .debug_str     0x000000000000189c        0xc build/default/production/application.o
 .debug_str     0x00000000000018a8        0x0 build/default/production/datastreamer.o
 .debug_str     0x00000000000018a8        0x0 build/default/production/phaseFeatures.o

.debug_loc
 *(.debug_loc)

.debug_macinfo
 *(.debug_macinfo)

.debug_weaknames
 *(.debug_weaknames)

.debug_funcnames
 *(.debug_funcnames)

.debug_typenames
 *(.debug_typenames)

.debug_varnames
 *(.debug_varnames)

.debug_pubtypes
 *(.debug_pubtypes)

.debug_ranges   0x0000000000000000      0x820
 *(.debug_ranges)
 .debug_ranges  0x0000000000000000       0xe8 build/default/production/mcc_generated_files/adc/src/adc0.o
 .debug_ranges  0x00000000000000e8       0x70 build/default/production/mcc_generated_files/spi/src/spi0.o
 .debug_ranges  0x0000000000000158       0x18 build/default/production/mcc_generated_files/system/src/interrupt.o
 .debug_ranges  0x0000000000000170       0x18 build/default/production/mcc_generated_files/system/src/clock.o
 .debug_ranges  0x0000000000000188       0x10 build/default/production/mcc_generated_files/system/src/system.o
 .debug_ranges  0x0000000000000198      0x1c8 build/default/production/mcc_generated_files/system/src/pins.o
 .debug_ranges  0x0000000000000360       0xe0 build/default/production/mcc_generated_files/timer/src/tca1.o
 .debug_ranges  0x0000000000000440       0xe0 build/default/production/mcc_generated_files/timer/src/tca0.o
 .debug_ranges  0x0000000000000520      0x128 build/default/production/mcc_generated_files/uart/src/usart1.o
 .debug_ranges  0x0000000000000648       0x10 build/default/production/mcc_generated_files/vref/src/vref.o
 .debug_ranges  0x0000000000000658       0x18 build/default/production/mcc_generated_files/zcd/src/zcd1.o
 .debug_ranges  0x0000000000000670       0x18 build/default/production/mcc_generated_files/zcd/src/zcd2.o
 .debug_ranges  0x0000000000000688       0x18 build/default/production/mcc_generated_files/zcd/src/zcd0.o
 .debug_ranges  0x00000000000006a0       0x10 build/default/production/main.o
 .debug_ranges  0x00000000000006b0       0x40 build/default/production/AD5227.o
 .debug_ranges  0x00000000000006f0       0x60 build/default/production/AD9833.o
 .debug_ranges  0x0000000000000750       0x60 build/default/production/application.o
 .debug_ranges  0x00000000000007b0       0x20 build/default/production/datastreamer.o
 .debug_ranges  0x00000000000007d0       0x50 build/default/production/phaseFeatures.o

.debug_macro
 *(.debug_macro)
OUTPUT(dist/default/production/avr128da64-phase.X.production.elf elf32-avr)
LOAD linker stubs
LOAD data_init

.note.gnu.avr.deviceinfo
                0x0000000000000000       0x40
 .note.gnu.avr.deviceinfo
                0x0000000000000000       0x40 C:/Program Files/Microchip/MPLABX/v6.25/packs/Microchip/AVR-Dx_DFP/2.7.321/xc8/avr/lib/avrxmega4/crtavr128da64.o

.bss.ADC0_ConversionDoneCallback
                0x000000000080409f        0x2
 .bss.ADC0_ConversionDoneCallback
                0x000000000080409f        0x2 build/default/production/mcc_generated_files/adc/src/adc0.o

.bss.ADC0_ThresholdCallback
                0x00000000008040a1        0x2
 .bss.ADC0_ThresholdCallback
                0x00000000008040a1        0x2 build/default/production/mcc_generated_files/adc/src/adc0.o

.bss.IO_PC4_InterruptHandler
                0x00000000008040a3        0x2
 .bss.IO_PC4_InterruptHandler
                0x00000000008040a3        0x2 build/default/production/mcc_generated_files/system/src/pins.o

.bss.IO_PC5_InterruptHandler
                0x00000000008040a5        0x2
 .bss.IO_PC5_InterruptHandler
                0x00000000008040a5        0x2 build/default/production/mcc_generated_files/system/src/pins.o

.bss.IO_PC6_InterruptHandler
                0x00000000008040a7        0x2
 .bss.IO_PC6_InterruptHandler
                0x00000000008040a7        0x2 build/default/production/mcc_generated_files/system/src/pins.o

.bss.IO_PA0_InterruptHandler
                0x00000000008040a9        0x2
 .bss.IO_PA0_InterruptHandler
                0x00000000008040a9        0x2 build/default/production/mcc_generated_files/system/src/pins.o

.bss.IO_PA1_InterruptHandler
                0x00000000008040ab        0x2
 .bss.IO_PA1_InterruptHandler
                0x00000000008040ab        0x2 build/default/production/mcc_generated_files/system/src/pins.o

.bss.IO_PA2_InterruptHandler
                0x00000000008040ad        0x2
 .bss.IO_PA2_InterruptHandler
                0x00000000008040ad        0x2 build/default/production/mcc_generated_files/system/src/pins.o

.bss.IO_PA5_InterruptHandler
                0x00000000008040af        0x2
 .bss.IO_PA5_InterruptHandler
                0x00000000008040af        0x2 build/default/production/mcc_generated_files/system/src/pins.o

.bss.IO_PA4_InterruptHandler
                0x00000000008040b1        0x2
 .bss.IO_PA4_InterruptHandler
                0x00000000008040b1        0x2 build/default/production/mcc_generated_files/system/src/pins.o

.bss.IO_PA6_InterruptHandler
                0x00000000008040b3        0x2
 .bss.IO_PA6_InterruptHandler
                0x00000000008040b3        0x2 build/default/production/mcc_generated_files/system/src/pins.o

.bss.IO_PC1_InterruptHandler
                0x00000000008040b5        0x2
 .bss.IO_PC1_InterruptHandler
                0x00000000008040b5        0x2 build/default/production/mcc_generated_files/system/src/pins.o

.bss.IO_PC0_InterruptHandler
                0x00000000008040b7        0x2
 .bss.IO_PC0_InterruptHandler
                0x00000000008040b7        0x2 build/default/production/mcc_generated_files/system/src/pins.o

.bss.IO_PD1_InterruptHandler
                0x00000000008040b9        0x2
 .bss.IO_PD1_InterruptHandler
                0x00000000008040b9        0x2 build/default/production/mcc_generated_files/system/src/pins.o

.bss.IO_PE7_InterruptHandler
                0x00000000008040bb        0x2
 .bss.IO_PE7_InterruptHandler
                0x00000000008040bb        0x2 build/default/production/mcc_generated_files/system/src/pins.o

.bss.IO_PE3_InterruptHandler
                0x00000000008040bd        0x2
 .bss.IO_PE3_InterruptHandler
                0x00000000008040bd        0x2 build/default/production/mcc_generated_files/system/src/pins.o

.bss.AD5227_CS1_InterruptHandler
                0x00000000008040bf        0x2
 .bss.AD5227_CS1_InterruptHandler
                0x00000000008040bf        0x2 build/default/production/mcc_generated_files/system/src/pins.o

.bss.AD5227_CS3_InterruptHandler
                0x00000000008040c1        0x2
 .bss.AD5227_CS3_InterruptHandler
                0x00000000008040c1        0x2 build/default/production/mcc_generated_files/system/src/pins.o

.bss.WC_OE2_InterruptHandler
                0x00000000008040c3        0x2
 .bss.WC_OE2_InterruptHandler
                0x00000000008040c3        0x2 build/default/production/mcc_generated_files/system/src/pins.o

.bss.SW_InterruptHandler
                0x00000000008040c5        0x2
 .bss.SW_InterruptHandler
                0x00000000008040c5        0x2 build/default/production/mcc_generated_files/system/src/pins.o

.bss.WC_OE1_InterruptHandler
                0x00000000008040c7        0x2
 .bss.WC_OE1_InterruptHandler
                0x00000000008040c7        0x2 build/default/production/mcc_generated_files/system/src/pins.o

.bss.WC_OE3_InterruptHandler
                0x00000000008040c9        0x2
 .bss.WC_OE3_InterruptHandler
                0x00000000008040c9        0x2 build/default/production/mcc_generated_files/system/src/pins.o

.bss.AD9833_FSN1_InterruptHandler
                0x00000000008040cb        0x2
 .bss.AD9833_FSN1_InterruptHandler
                0x00000000008040cb        0x2 build/default/production/mcc_generated_files/system/src/pins.o

.bss.AD9833_FSN3_InterruptHandler
                0x00000000008040cd        0x2
 .bss.AD9833_FSN3_InterruptHandler
                0x00000000008040cd        0x2 build/default/production/mcc_generated_files/system/src/pins.o

.bss.AD5227_CS2_InterruptHandler
                0x00000000008040cf        0x2
 .bss.AD5227_CS2_InterruptHandler
                0x00000000008040cf        0x2 build/default/production/mcc_generated_files/system/src/pins.o

.bss.AD9833_FSN2_InterruptHandler
                0x00000000008040d1        0x2
 .bss.AD9833_FSN2_InterruptHandler
                0x00000000008040d1        0x2 build/default/production/mcc_generated_files/system/src/pins.o

.bss.TCA1_CMP0Callback
                0x00000000008040d3        0x2
 .bss.TCA1_CMP0Callback
                0x00000000008040d3        0x2 build/default/production/mcc_generated_files/timer/src/tca1.o

.bss.TCA1_CMP1Callback
                0x00000000008040d5        0x2
 .bss.TCA1_CMP1Callback
                0x00000000008040d5        0x2 build/default/production/mcc_generated_files/timer/src/tca1.o

.bss.TCA1_CMP2Callback
                0x00000000008040d7        0x2
 .bss.TCA1_CMP2Callback
                0x00000000008040d7        0x2 build/default/production/mcc_generated_files/timer/src/tca1.o

.bss.TCA1_OVFCallback
                0x00000000008040d9        0x2
 .bss.TCA1_OVFCallback
                0x00000000008040d9        0x2 build/default/production/mcc_generated_files/timer/src/tca1.o

.bss.TCA0_CMP0Callback
                0x00000000008040db        0x2
 .bss.TCA0_CMP0Callback
                0x00000000008040db        0x2 build/default/production/mcc_generated_files/timer/src/tca0.o

.bss.TCA0_CMP1Callback
                0x00000000008040dd        0x2
 .bss.TCA0_CMP1Callback
                0x00000000008040dd        0x2 build/default/production/mcc_generated_files/timer/src/tca0.o

.bss.TCA0_CMP2Callback
                0x00000000008040df        0x2
 .bss.TCA0_CMP2Callback
                0x00000000008040df        0x2 build/default/production/mcc_generated_files/timer/src/tca0.o

.bss.TCA0_OVFCallback
                0x00000000008040e1        0x2
 .bss.TCA0_OVFCallback
                0x00000000008040e1        0x2 build/default/production/mcc_generated_files/timer/src/tca0.o

.bss.usart1TxHead
                0x0000000000804101        0x1
 .bss.usart1TxHead
                0x0000000000804101        0x1 build/default/production/mcc_generated_files/uart/src/usart1.o

.bss.usart1TxTail
                0x0000000000804102        0x1
 .bss.usart1TxTail
                0x0000000000804102        0x1 build/default/production/mcc_generated_files/uart/src/usart1.o

.bss.usart1TxBufferRemaining
                0x0000000000804103        0x1
 .bss.usart1TxBufferRemaining
                0x0000000000804103        0x1 build/default/production/mcc_generated_files/uart/src/usart1.o

.bss.usart1TxBuffer
                0x0000000000804022       0x10
 .bss.usart1TxBuffer
                0x0000000000804022       0x10 build/default/production/mcc_generated_files/uart/src/usart1.o

.bss.usart1IsTxComplete
                0x0000000000804104        0x1
 .bss.usart1IsTxComplete
                0x0000000000804104        0x1 build/default/production/mcc_generated_files/uart/src/usart1.o

.bss.usart1RxHead
                0x0000000000804105        0x1
 .bss.usart1RxHead
                0x0000000000804105        0x1 build/default/production/mcc_generated_files/uart/src/usart1.o

.bss.usart1RxTail
                0x0000000000804106        0x1
 .bss.usart1RxTail
                0x0000000000804106        0x1 build/default/production/mcc_generated_files/uart/src/usart1.o

.bss.usart1RxCount
                0x0000000000804107        0x1
 .bss.usart1RxCount
                0x0000000000804107        0x1 build/default/production/mcc_generated_files/uart/src/usart1.o

.bss.usart1RxBuffer
                0x0000000000804032       0x10
 .bss.usart1RxBuffer
                0x0000000000804032       0x10 build/default/production/mcc_generated_files/uart/src/usart1.o

.bss.usart1RxStatusBuffer
                0x0000000000804002       0x20
 .bss.usart1RxStatusBuffer
                0x0000000000804002       0x20 build/default/production/mcc_generated_files/uart/src/usart1.o

.bss.usart1RxLastError
                0x00000000008040e3        0x2
 .bss.usart1RxLastError
                0x00000000008040e3        0x2 build/default/production/mcc_generated_files/uart/src/usart1.o

.bss.USART1_FramingErrorHandler
                0x00000000008040e5        0x2
 .bss.USART1_FramingErrorHandler
                0x00000000008040e5        0x2 build/default/production/mcc_generated_files/uart/src/usart1.o

.bss.USART1_OverrunErrorHandler
                0x00000000008040e7        0x2
 .bss.USART1_OverrunErrorHandler
                0x00000000008040e7        0x2 build/default/production/mcc_generated_files/uart/src/usart1.o

.bss.USART1_ParityErrorHandler
                0x00000000008040e9        0x2
 .bss.USART1_ParityErrorHandler
                0x00000000008040e9        0x2 build/default/production/mcc_generated_files/uart/src/usart1.o

.bss.USART1_TxInterruptHandler
                0x00000000008040eb        0x2
 .bss.USART1_TxInterruptHandler
                0x00000000008040eb        0x2 build/default/production/mcc_generated_files/uart/src/usart1.o
                0x00000000008040eb                USART1_TxInterruptHandler

.bss.USART1_TxCompleteInterruptHandler
                0x00000000008040ed        0x2
 .bss.USART1_TxCompleteInterruptHandler
                0x00000000008040ed        0x2 build/default/production/mcc_generated_files/uart/src/usart1.o

.bss.USART1_RxInterruptHandler
                0x00000000008040ef        0x2
 .bss.USART1_RxInterruptHandler
                0x00000000008040ef        0x2 build/default/production/mcc_generated_files/uart/src/usart1.o
                0x00000000008040ef                USART1_RxInterruptHandler

.bss.USART1_RxCompleteInterruptHandler
                0x00000000008040f1        0x2
 .bss.USART1_RxCompleteInterruptHandler
                0x00000000008040f1        0x2 build/default/production/mcc_generated_files/uart/src/usart1.o

.bss.RxData     0x00000000008040f3        0x2
 .bss.RxData    0x00000000008040f3        0x2 build/default/production/application.o
                0x00000000008040f3                RxData

.bss.numberofSamples
                0x00000000008040f5        0x2
 .bss.numberofSamples
                0x00000000008040f5        0x2 build/default/production/application.o
                0x00000000008040f5                numberofSamples

.bss.ADC_Results_L
                0x0000000000804077        0x8
 .bss.ADC_Results_L
                0x0000000000804077        0x8 build/default/production/application.o
                0x0000000000804077                ADC_Results_L

.bss.Vrms       0x000000000080405f        0xc
 .bss.Vrms      0x000000000080405f        0xc build/default/production/application.o
                0x000000000080405f                Vrms

.bss.line_voltage
                0x000000000080406b        0xc
 .bss.line_voltage
                0x000000000080406b        0xc build/default/production/application.o
                0x000000000080406b                line_voltage

.bss.phaseRSignalCounter
                0x0000000000804109        0x1
 .bss.phaseRSignalCounter
                0x0000000000804109        0x1 build/default/production/application.o
                0x0000000000804109                phaseRSignalCounter

.bss.phaseBSignalCounter
                0x000000000080410a        0x1
 .bss.phaseBSignalCounter
                0x000000000080410a        0x1 build/default/production/application.o
                0x000000000080410a                phaseBSignalCounter

.bss.timer2CounterValue
                0x000000000080410b        0x1
 .bss.timer2CounterValue
                0x000000000080410b        0x1 build/default/production/application.o
                0x000000000080410b                timer2CounterValue

.bss.timer4OverflowFlag
                0x000000000080410c        0x1
 .bss.timer4OverflowFlag
                0x000000000080410c        0x1 build/default/production/application.o
                0x000000000080410c                timer4OverflowFlag

.bss.refreshCount
                0x000000000080409b        0x4
 .bss.refreshCount
                0x000000000080409b        0x4 build/default/production/application.o
                0x000000000080409b                refreshCount

.bss.timer4OvfCnt
                0x00000000008040f9        0x2
 .bss.timer4OvfCnt
                0x00000000008040f9        0x2 build/default/production/application.o
                0x00000000008040f9                timer4OvfCnt

.bss.dataStreamerFrame_u
                0x0000000000804052        0xd
 .bss.dataStreamerFrame_u
                0x0000000000804052        0xd build/default/production/application.o
                0x0000000000804052                dataStreamerFrame_u

.bss.wfclkSel_st
                0x00000000008040fb        0x2
 .bss.wfclkSel_st
                0x00000000008040fb        0x2 build/default/production/application.o
                0x00000000008040fb                wfclkSel_st

.bss.__stdout   0x00000000008040ff        0x2
 .bss.__stdout  0x00000000008040ff        0x2 c:/program files/microchip/xc8/v3.00/avr/bin/../lib/gcc/avr/5.4.0/../../../../avr/lib/avrxmega4\libc.a(stdout.o)

.text.powf      0x000000000000019a      0xc8a
 .text.powf     0x000000000000019a      0xc8a c:/program files/microchip/xc8/v3.00/avr/bin/../lib/gcc/avr/5.4.0/../../../../avr/lib/avrxmega4\libm.a(powf.o)
                0x000000000000019a                pow
                0x000000000000019a                powl
                0x000000000000019a                powf

.text.PIN_MANAGER_Initialize
                0x0000000000000e24      0x368
 .text.PIN_MANAGER_Initialize
                0x0000000000000e24      0x368 build/default/production/mcc_generated_files/system/src/pins.o
                0x0000000000000e24                PIN_MANAGER_Initialize

.text.sqrtf     0x000000000000118c      0x1ac
 .text.sqrtf    0x000000000000118c      0x1ac c:/program files/microchip/xc8/v3.00/avr/bin/../lib/gcc/avr/5.4.0/../../../../avr/lib/avrxmega4\libm.a(sqrtf.o)
                0x000000000000118c                sqrtl
                0x000000000000118c                sqrtf
                0x000000000000118c                sqrt

.text.emulatorTaskProcess
                0x0000000000001338      0x158
 .text.emulatorTaskProcess
                0x0000000000001338      0x158 build/default/production/datastreamer.o
                0x0000000000001338                emulatorTaskProcess

.text.USART1_ReceiveISR
                0x0000000000001490      0x146
 .text.USART1_ReceiveISR
                0x0000000000001490      0x146 build/default/production/mcc_generated_files/uart/src/usart1.o
                0x0000000000001490                USART1_ReceiveISR

.text.__vector_6
                0x00000000000015d6      0x13c
 .text.__vector_6
                0x00000000000015d6      0x13c build/default/production/mcc_generated_files/system/src/pins.o
                0x00000000000015d6                __vector_6

.text.readSwToSelectFrequency
                0x0000000000001712      0x136
 .text.readSwToSelectFrequency
                0x0000000000001712      0x136 build/default/production/application.o
                0x0000000000001712                readSwToSelectFrequency

.text.__vector_29
                0x0000000000001848      0x11c
 .text.__vector_29
                0x0000000000001848      0x11c build/default/production/mcc_generated_files/system/src/pins.o
                0x0000000000001848                __vector_29

.text.main      0x0000000000001964      0x112
 .text.main     0x0000000000001964      0x112 build/default/production/main.o
                0x0000000000001964                main

.text.calculateVrms
                0x0000000000001a76       0xe0
 .text.calculateVrms
                0x0000000000001a76       0xe0 build/default/production/phaseFeatures.o
                0x0000000000001a76                calculateVrms

.text           0x0000000000001b56       0xde
 .text          0x0000000000001b56       0xde c:/program files/microchip/xc8/v3.00/avr/bin/../lib/gcc/avr/5.4.0/../../../../avr/lib/avrxmega4\libm.a(divsf3x.o)
                0x0000000000001b56                __divsf3x
                0x0000000000001b7e                __divsf3_pse

.text.__vector_22
                0x0000000000001c34       0xdc
 .text.__vector_22
                0x0000000000001c34       0xdc build/default/production/mcc_generated_files/system/src/pins.o
                0x0000000000001c34                __vector_22

.text.__vector_45
                0x0000000000001d10       0xdc
 .text.__vector_45
                0x0000000000001d10       0xdc build/default/production/mcc_generated_files/system/src/pins.o
                0x0000000000001d10                __vector_45

.text.USART1_Initialize
                0x0000000000001dec       0xd8
 .text.USART1_Initialize
                0x0000000000001dec       0xd8 build/default/production/mcc_generated_files/uart/src/usart1.o
                0x0000000000001dec                USART1_Initialize

.text           0x0000000000001ec4       0xd4
 .text          0x0000000000001ec4       0xd4 c:/program files/microchip/xc8/v3.00/avr/bin/../lib/gcc/avr/5.4.0/../../../../avr/lib/avrxmega4\libm.a(mulsf3x.o)
                0x0000000000001ec4                __mulsf3x
                0x0000000000001eea                __mulsf3_pse

.text           0x0000000000001f98       0xce
 .text          0x0000000000001f98       0xce c:/program files/microchip/xc8/v3.00/avr/bin/../lib/gcc/avr/5.4.0/../../../../avr/lib/avrxmega4\libm.a(addsf3x.o)
                0x0000000000001f98                __addsf3x

.text.ADC0_Initialize
                0x0000000000002066       0xc8
 .text.ADC0_Initialize
                0x0000000000002066       0xc8 build/default/production/mcc_generated_files/adc/src/adc0.o
                0x0000000000002066                ADC0_Initialize

.text.calculateLineVtg
                0x000000000000212e       0xb8
 .text.calculateLineVtg
                0x000000000000212e       0xb8 build/default/production/phaseFeatures.o
                0x000000000000212e                calculateLineVtg

.text.TCA1_Initialize
                0x00000000000021e6       0xb4
 .text.TCA1_Initialize
                0x00000000000021e6       0xb4 build/default/production/mcc_generated_files/timer/src/tca1.o
                0x00000000000021e6                TCA1_Initialize

.text.TCA0_Initialize
                0x000000000000229a       0xb4
 .text.TCA0_Initialize
                0x000000000000229a       0xb4 build/default/production/mcc_generated_files/timer/src/tca0.o
                0x000000000000229a                TCA0_Initialize

.text.application
                0x000000000000234e       0xb4
 .text.application
                0x000000000000234e       0xb4 build/default/production/application.o
                0x000000000000234e                application

.text.createDataStreamProtocolAndSend
                0x0000000000002402       0xb2
 .text.createDataStreamProtocolAndSend
                0x0000000000002402       0xb2 build/default/production/datastreamer.o
                0x0000000000002402                createDataStreamProtocolAndSend

.text.sineWaveGeneration
                0x00000000000024b4       0xb2
 .text.sineWaveGeneration
                0x00000000000024b4       0xb2 build/default/production/phaseFeatures.o
                0x00000000000024b4                sineWaveGeneration

.text.scalbnf   0x0000000000002566       0xb2
 .text.scalbnf  0x0000000000002566       0xb2 c:/program files/microchip/xc8/v3.00/avr/bin/../lib/gcc/avr/5.4.0/../../../../avr/lib/avrxmega4\libm.a(scalbnf.o)
                0x0000000000002566                scalbnf

.text.phaseReversalDetection
                0x0000000000002618       0xa6
 .text.phaseReversalDetection
                0x0000000000002618       0xa6 build/default/production/phaseFeatures.o
                0x0000000000002618                phaseReversalDetection

.text.__vector_44
                0x00000000000026be       0xa4
 .text.__vector_44
                0x00000000000026be       0xa4 build/default/production/mcc_generated_files/system/src/pins.o
                0x00000000000026be                __vector_44

.text.__vector_33
                0x0000000000002762       0xa0
 .text.__vector_33
                0x0000000000002762       0xa0 build/default/production/mcc_generated_files/uart/src/usart1.o
                0x0000000000002762                __vector_33

.text.AD9833SetFrequency
                0x0000000000002802       0x90
 .text.AD9833SetFrequency
                0x0000000000002802       0x90 build/default/production/AD9833.o
                0x0000000000002802                AD9833SetFrequency

.text.__vector_34
                0x0000000000002892       0x84
 .text.__vector_34
                0x0000000000002892       0x84 build/default/production/mcc_generated_files/system/src/pins.o
                0x0000000000002892                __vector_34

.text.SPI0_BufferWrite
                0x0000000000002916       0x7c
 .text.SPI0_BufferWrite
                0x0000000000002916       0x7c build/default/production/mcc_generated_files/spi/src/spi0.o
                0x0000000000002916                SPI0_BufferWrite

.text.__vector_48
                0x0000000000002992       0x7c
 .text.__vector_48
                0x0000000000002992       0x7c build/default/production/mcc_generated_files/timer/src/tca1.o
                0x0000000000002992                __vector_48

.text.__vector_49
                0x0000000000002a0e       0x7c
 .text.__vector_49
                0x0000000000002a0e       0x7c build/default/production/mcc_generated_files/timer/src/tca1.o
                0x0000000000002a0e                __vector_49

.text.__vector_50
                0x0000000000002a8a       0x7c
 .text.__vector_50
                0x0000000000002a8a       0x7c build/default/production/mcc_generated_files/timer/src/tca1.o
                0x0000000000002a8a                __vector_50

.text.__vector_46
                0x0000000000002b06       0x7c
 .text.__vector_46
                0x0000000000002b06       0x7c build/default/production/mcc_generated_files/timer/src/tca1.o
                0x0000000000002b06                __vector_46

.text.__vector_9
                0x0000000000002b82       0x7c
 .text.__vector_9
                0x0000000000002b82       0x7c build/default/production/mcc_generated_files/timer/src/tca0.o
                0x0000000000002b82                __vector_9

.text.__vector_10
                0x0000000000002bfe       0x7c
 .text.__vector_10
                0x0000000000002bfe       0x7c build/default/production/mcc_generated_files/timer/src/tca0.o
                0x0000000000002bfe                __vector_10

.text.__vector_11
                0x0000000000002c7a       0x7c
 .text.__vector_11
                0x0000000000002c7a       0x7c build/default/production/mcc_generated_files/timer/src/tca0.o
                0x0000000000002c7a                __vector_11

.text.__vector_7
                0x0000000000002cf6       0x7c
 .text.__vector_7
                0x0000000000002cf6       0x7c build/default/production/mcc_generated_files/timer/src/tca0.o
                0x0000000000002cf6                __vector_7

.text.defaultSignalGeneration
                0x0000000000002d72       0x7c
 .text.defaultSignalGeneration
                0x0000000000002d72       0x7c build/default/production/application.o
                0x0000000000002d72                defaultSignalGeneration

.text           0x0000000000002dee       0x7a
 .text          0x0000000000002dee       0x7a c:/program files/microchip/xc8/v3.00/avr/bin/../lib/gcc/avr/5.4.0/../../../../avr/lib/avrxmega4\libm.a(floatsisf.o)
                0x0000000000002dee                __floatunsisf
                0x0000000000002df2                __floatsisf

.text.frequencySelectionCallBack
                0x0000000000002e68       0x76
 .text.frequencySelectionCallBack
                0x0000000000002e68       0x76 build/default/production/application.o
                0x0000000000002e68                frequencySelectionCallBack

.text.USART1_Read
                0x0000000000002ede       0x70
 .text.USART1_Read
                0x0000000000002ede       0x70 build/default/production/mcc_generated_files/uart/src/usart1.o
                0x0000000000002ede                USART1_Read

.text.USART1_Write
                0x0000000000002f4e       0x70
 .text.USART1_Write
                0x0000000000002f4e       0x70 build/default/production/mcc_generated_files/uart/src/usart1.o
                0x0000000000002f4e                USART1_Write

.text.CLOCK_Initialize
                0x0000000000002fbe       0x6a
 .text.CLOCK_Initialize
                0x0000000000002fbe       0x6a build/default/production/mcc_generated_files/system/src/clock.o
                0x0000000000002fbe                CLOCK_Initialize

.text.USART1_TransmitISR
                0x0000000000003028       0x66
 .text.USART1_TransmitISR
                0x0000000000003028       0x66 build/default/production/mcc_generated_files/uart/src/usart1.o
                0x0000000000003028                USART1_TransmitISR

.text.waveformAproxFreqcalculation
                0x000000000000308e       0x62
 .text.waveformAproxFreqcalculation
                0x000000000000308e       0x62 build/default/production/application.o
                0x000000000000308e                waveformAproxFreqcalculation

.text.TCA1_UserInterruptHandler
                0x00000000000030f0       0x62
 .text.TCA1_UserInterruptHandler
                0x00000000000030f0       0x62 build/default/production/application.o
                0x00000000000030f0                TCA1_UserInterruptHandler

.text.__vector_31
                0x0000000000003152       0x5e
 .text.__vector_31
                0x0000000000003152       0x5e build/default/production/mcc_generated_files/uart/src/usart1.o
                0x0000000000003152                __vector_31

.text.__vector_32
                0x00000000000031b0       0x5e
 .text.__vector_32
                0x00000000000031b0       0x5e build/default/production/mcc_generated_files/uart/src/usart1.o
                0x00000000000031b0                __vector_32

.text.AD9833SetRegisterValue
                0x000000000000320e       0x5e
 .text.AD9833SetRegisterValue
                0x000000000000320e       0x5e build/default/production/AD9833.o
                0x000000000000320e                AD9833SetRegisterValue

.text           0x000000000000326c       0x5e
 .text          0x000000000000326c       0x5e c:/program files/microchip/xc8/v3.00/avr/bin/../lib/gcc/avr/5.4.0/../../../../avr/lib/avrxmega4\libm.a(fixunssfsi.o)
                0x000000000000326c                __fixunssfsi

.text.sendString
                0x00000000000032ca       0x5c
 .text.sendString
                0x00000000000032ca       0x5c build/default/production/datastreamer.o
                0x00000000000032ca                sendString

.text.updateGphaseStatus
                0x0000000000003326       0x5c
 .text.updateGphaseStatus
                0x0000000000003326       0x5c build/default/production/phaseFeatures.o
                0x0000000000003326                updateGphaseStatus

.text.waveformAproxPhasecalculation
                0x0000000000003382       0x52
 .text.waveformAproxPhasecalculation
                0x0000000000003382       0x52 build/default/production/application.o
                0x0000000000003382                waveformAproxPhasecalculation

.text.ADC0_ChannelSelectAndConvert
                0x00000000000033d4       0x50
 .text.ADC0_ChannelSelectAndConvert
                0x00000000000033d4       0x50 build/default/production/mcc_generated_files/adc/src/adc0.o
                0x00000000000033d4                ADC0_ChannelSelectAndConvert

.text.read3PhaseSignal
                0x0000000000003424       0x50
 .text.read3PhaseSignal
                0x0000000000003424       0x50 build/default/production/phaseFeatures.o
                0x0000000000003424                read3PhaseSignal

.text.AD9833Setup
                0x0000000000003474       0x4c
 .text.AD9833Setup
                0x0000000000003474       0x4c build/default/production/AD9833.o
                0x0000000000003474                AD9833Setup

.text.AD5227_chipSelect
                0x00000000000034c0       0x4a
 .text.AD5227_chipSelect
                0x00000000000034c0       0x4a build/default/production/AD5227.o
                0x00000000000034c0                AD5227_chipSelect

.text.AD9833_chipSelect
                0x000000000000350a       0x4a
 .text.AD9833_chipSelect
                0x000000000000350a       0x4a build/default/production/AD9833.o
                0x000000000000350a                AD9833_chipSelect

.text.__vector_58
                0x0000000000003554       0x48
 .text.__vector_58
                0x0000000000003554       0x48 build/default/production/mcc_generated_files/system/src/pins.o
                0x0000000000003554                __vector_58

.text.__vector_51
                0x000000000000359c       0x48
 .text.__vector_51
                0x000000000000359c       0x48 build/default/production/mcc_generated_files/zcd/src/zcd1.o
                0x000000000000359c                __vector_51

.text.__vector_59
                0x00000000000035e4       0x48
 .text.__vector_59
                0x00000000000035e4       0x48 build/default/production/mcc_generated_files/zcd/src/zcd2.o
                0x00000000000035e4                __vector_59

.text.__vector_26
                0x000000000000362c       0x48
 .text.__vector_26
                0x000000000000362c       0x48 build/default/production/mcc_generated_files/zcd/src/zcd0.o
                0x000000000000362c                __vector_26

.text           0x0000000000003674       0x48
 .text          0x0000000000003674       0x48 c:/program files/microchip/xc8/v3.00/avr/bin/../lib/gcc/avr/5.4.0/../../../../avr/lib/avrxmega4\libm.a(fp_cmp.o)
                0x0000000000003674                __fp_cmp

.text.AD9833SetPhase
                0x00000000000036bc       0x44
 .text.AD9833SetPhase
                0x00000000000036bc       0x44 build/default/production/AD9833.o
                0x00000000000036bc                AD9833SetPhase

.text.threePhaseAmplitudeMax
                0x0000000000003700       0x44
 .text.threePhaseAmplitudeMax
                0x0000000000003700       0x44 build/default/production/application.o
                0x0000000000003700                threePhaseAmplitudeMax

.text           0x0000000000003744       0x44
 .text          0x0000000000003744       0x44 c:/program files/microchip/xc8/v3.00/avr/bin/../lib/gcc/avr/5.4.0/../../../../avr/lib/avrxmega4\libm.a(fp_split3.o)
                0x0000000000003744                __fp_split3
                0x0000000000003754                __fp_splitA

.text.SYSTEM_Initialize
                0x0000000000003788       0x40
 .text.SYSTEM_Initialize
                0x0000000000003788       0x40 build/default/production/mcc_generated_files/system/src/system.o
                0x0000000000003788                SYSTEM_Initialize

.text.AD5227DigipotInc
                0x00000000000037c8       0x3a
 .text.AD5227DigipotInc
                0x00000000000037c8       0x3a build/default/production/AD5227.o
                0x00000000000037c8                AD5227DigipotInc

.text.USART1_printCHAR
                0x0000000000003802       0x38
 .text.USART1_printCHAR
                0x0000000000003802       0x38 build/default/production/mcc_generated_files/uart/src/usart1.o
                0x0000000000003802                USART1_printCHAR

.text.SPI0_Initialize
                0x000000000000383a       0x36
 .text.SPI0_Initialize
                0x000000000000383a       0x36 build/default/production/mcc_generated_files/spi/src/spi0.o
                0x000000000000383a                SPI0_Initialize

.text.AD5227_CS1_set_level
                0x0000000000003870       0x32
 .text.AD5227_CS1_set_level
                0x0000000000003870       0x32 build/default/production/AD5227.o

.text.AD5227_CS2_set_level
                0x00000000000038a2       0x32
 .text.AD5227_CS2_set_level
                0x00000000000038a2       0x32 build/default/production/AD5227.o

.text.AD5227_CS3_set_level
                0x00000000000038d4       0x32
 .text.AD5227_CS3_set_level
                0x00000000000038d4       0x32 build/default/production/AD5227.o

.text.AD9833_FSN1_set_level
                0x0000000000003906       0x32
 .text.AD9833_FSN1_set_level
                0x0000000000003906       0x32 build/default/production/AD9833.o

.text.AD9833_FSN2_set_level
                0x0000000000003938       0x32
 .text.AD9833_FSN2_set_level
                0x0000000000003938       0x32 build/default/production/AD9833.o

.text.AD9833_FSN3_set_level
                0x000000000000396a       0x32
 .text.AD9833_FSN3_set_level
                0x000000000000396a       0x32 build/default/production/AD9833.o

.text.libgcc.prologue
                0x000000000000399c       0x32
 .text.libgcc.prologue
                0x000000000000399c       0x32 c:/program files/microchip/xc8/v3.00/avr/bin/../lib/gcc/avr/5.4.0/avrxmega4\libgcc.a(_prologue.o)
                0x000000000000399c                __prologue_saves__

.text.CPUINT_Initialize
                0x00000000000039ce       0x30
 .text.CPUINT_Initialize
                0x00000000000039ce       0x30 build/default/production/mcc_generated_files/system/src/interrupt.o
                0x00000000000039ce                CPUINT_Initialize

.text.updateRphaseStatus
                0x00000000000039fe       0x30
 .text.updateRphaseStatus
                0x00000000000039fe       0x30 build/default/production/phaseFeatures.o
                0x00000000000039fe                updateRphaseStatus

.text.updateBphaseStatus
                0x0000000000003a2e       0x30
 .text.updateBphaseStatus
                0x0000000000003a2e       0x30 build/default/production/phaseFeatures.o
                0x0000000000003a2e                updateBphaseStatus

.text.libgcc.prologue
                0x0000000000003a5e       0x30
 .text.libgcc.prologue
                0x0000000000003a5e       0x30 c:/program files/microchip/xc8/v3.00/avr/bin/../lib/gcc/avr/5.4.0/avrxmega4\libgcc.a(_epilogue.o)
                0x0000000000003a5e                __epilogue_restores__

.text.USART1_FramingErrorCallbackRegister
                0x0000000000003a8e       0x2e
 .text.USART1_FramingErrorCallbackRegister
                0x0000000000003a8e       0x2e build/default/production/mcc_generated_files/uart/src/usart1.o
                0x0000000000003a8e                USART1_FramingErrorCallbackRegister

.text.USART1_OverrunErrorCallbackRegister
                0x0000000000003abc       0x2e
 .text.USART1_OverrunErrorCallbackRegister
                0x0000000000003abc       0x2e build/default/production/mcc_generated_files/uart/src/usart1.o
                0x0000000000003abc                USART1_OverrunErrorCallbackRegister

.text.USART1_ParityErrorCallbackRegister
                0x0000000000003aea       0x2e
 .text.USART1_ParityErrorCallbackRegister
                0x0000000000003aea       0x2e build/default/production/mcc_generated_files/uart/src/usart1.o
                0x0000000000003aea                USART1_ParityErrorCallbackRegister

.text.ccp_write_io
                0x0000000000003b18       0x2c
 .text.ccp_write_io
                0x0000000000003b18       0x2c build/default/production/mcc_generated_files/system/src/interrupt.o

.text.ccp_write_io
                0x0000000000003b44       0x2c
 .text.ccp_write_io
                0x0000000000003b44       0x2c build/default/production/mcc_generated_files/system/src/clock.o

.text.VREF_Initialize
                0x0000000000003b70       0x2a
 .text.VREF_Initialize
                0x0000000000003b70       0x2a build/default/production/mcc_generated_files/vref/src/vref.o
                0x0000000000003b70                VREF_Initialize

.text.IO_PC4_SetInterruptHandler
                0x0000000000003b9a       0x26
 .text.IO_PC4_SetInterruptHandler
                0x0000000000003b9a       0x26 build/default/production/mcc_generated_files/system/src/pins.o
                0x0000000000003b9a                IO_PC4_SetInterruptHandler

.text.IO_PC5_SetInterruptHandler
                0x0000000000003bc0       0x26
 .text.IO_PC5_SetInterruptHandler
                0x0000000000003bc0       0x26 build/default/production/mcc_generated_files/system/src/pins.o
                0x0000000000003bc0                IO_PC5_SetInterruptHandler

.text.IO_PC6_SetInterruptHandler
                0x0000000000003be6       0x26
 .text.IO_PC6_SetInterruptHandler
                0x0000000000003be6       0x26 build/default/production/mcc_generated_files/system/src/pins.o
                0x0000000000003be6                IO_PC6_SetInterruptHandler

.text.IO_PA0_SetInterruptHandler
                0x0000000000003c0c       0x26
 .text.IO_PA0_SetInterruptHandler
                0x0000000000003c0c       0x26 build/default/production/mcc_generated_files/system/src/pins.o
                0x0000000000003c0c                IO_PA0_SetInterruptHandler

.text.IO_PA1_SetInterruptHandler
                0x0000000000003c32       0x26
 .text.IO_PA1_SetInterruptHandler
                0x0000000000003c32       0x26 build/default/production/mcc_generated_files/system/src/pins.o
                0x0000000000003c32                IO_PA1_SetInterruptHandler

.text.IO_PA2_SetInterruptHandler
                0x0000000000003c58       0x26
 .text.IO_PA2_SetInterruptHandler
                0x0000000000003c58       0x26 build/default/production/mcc_generated_files/system/src/pins.o
                0x0000000000003c58                IO_PA2_SetInterruptHandler

.text.IO_PA5_SetInterruptHandler
                0x0000000000003c7e       0x26
 .text.IO_PA5_SetInterruptHandler
                0x0000000000003c7e       0x26 build/default/production/mcc_generated_files/system/src/pins.o
                0x0000000000003c7e                IO_PA5_SetInterruptHandler

.text.IO_PA4_SetInterruptHandler
                0x0000000000003ca4       0x26
 .text.IO_PA4_SetInterruptHandler
                0x0000000000003ca4       0x26 build/default/production/mcc_generated_files/system/src/pins.o
                0x0000000000003ca4                IO_PA4_SetInterruptHandler

.text.IO_PA6_SetInterruptHandler
                0x0000000000003cca       0x26
 .text.IO_PA6_SetInterruptHandler
                0x0000000000003cca       0x26 build/default/production/mcc_generated_files/system/src/pins.o
                0x0000000000003cca                IO_PA6_SetInterruptHandler

.text.IO_PC1_SetInterruptHandler
                0x0000000000003cf0       0x26
 .text.IO_PC1_SetInterruptHandler
                0x0000000000003cf0       0x26 build/default/production/mcc_generated_files/system/src/pins.o
                0x0000000000003cf0                IO_PC1_SetInterruptHandler

.text.IO_PC0_SetInterruptHandler
                0x0000000000003d16       0x26
 .text.IO_PC0_SetInterruptHandler
                0x0000000000003d16       0x26 build/default/production/mcc_generated_files/system/src/pins.o
                0x0000000000003d16                IO_PC0_SetInterruptHandler

.text.IO_PD1_SetInterruptHandler
                0x0000000000003d3c       0x26
 .text.IO_PD1_SetInterruptHandler
                0x0000000000003d3c       0x26 build/default/production/mcc_generated_files/system/src/pins.o
                0x0000000000003d3c                IO_PD1_SetInterruptHandler

.text.IO_PE7_SetInterruptHandler
                0x0000000000003d62       0x26
 .text.IO_PE7_SetInterruptHandler
                0x0000000000003d62       0x26 build/default/production/mcc_generated_files/system/src/pins.o
                0x0000000000003d62                IO_PE7_SetInterruptHandler

.text.IO_PE3_SetInterruptHandler
                0x0000000000003d88       0x26
 .text.IO_PE3_SetInterruptHandler
                0x0000000000003d88       0x26 build/default/production/mcc_generated_files/system/src/pins.o
                0x0000000000003d88                IO_PE3_SetInterruptHandler

.text.AD5227_CS1_SetInterruptHandler
                0x0000000000003dae       0x26
 .text.AD5227_CS1_SetInterruptHandler
                0x0000000000003dae       0x26 build/default/production/mcc_generated_files/system/src/pins.o
                0x0000000000003dae                AD5227_CS1_SetInterruptHandler

.text.AD5227_CS3_SetInterruptHandler
                0x0000000000003dd4       0x26
 .text.AD5227_CS3_SetInterruptHandler
                0x0000000000003dd4       0x26 build/default/production/mcc_generated_files/system/src/pins.o
                0x0000000000003dd4                AD5227_CS3_SetInterruptHandler

.text.WC_OE2_SetInterruptHandler
                0x0000000000003dfa       0x26
 .text.WC_OE2_SetInterruptHandler
                0x0000000000003dfa       0x26 build/default/production/mcc_generated_files/system/src/pins.o
                0x0000000000003dfa                WC_OE2_SetInterruptHandler

.text.SW_SetInterruptHandler
                0x0000000000003e20       0x26
 .text.SW_SetInterruptHandler
                0x0000000000003e20       0x26 build/default/production/mcc_generated_files/system/src/pins.o
                0x0000000000003e20                SW_SetInterruptHandler

.text.WC_OE1_SetInterruptHandler
                0x0000000000003e46       0x26
 .text.WC_OE1_SetInterruptHandler
                0x0000000000003e46       0x26 build/default/production/mcc_generated_files/system/src/pins.o
                0x0000000000003e46                WC_OE1_SetInterruptHandler

.text.WC_OE3_SetInterruptHandler
                0x0000000000003e6c       0x26
 .text.WC_OE3_SetInterruptHandler
                0x0000000000003e6c       0x26 build/default/production/mcc_generated_files/system/src/pins.o
                0x0000000000003e6c                WC_OE3_SetInterruptHandler

.text.AD9833_FSN1_SetInterruptHandler
                0x0000000000003e92       0x26
 .text.AD9833_FSN1_SetInterruptHandler
                0x0000000000003e92       0x26 build/default/production/mcc_generated_files/system/src/pins.o
                0x0000000000003e92                AD9833_FSN1_SetInterruptHandler

.text.AD9833_FSN3_SetInterruptHandler
                0x0000000000003eb8       0x26
 .text.AD9833_FSN3_SetInterruptHandler
                0x0000000000003eb8       0x26 build/default/production/mcc_generated_files/system/src/pins.o
                0x0000000000003eb8                AD9833_FSN3_SetInterruptHandler

.text.AD5227_CS2_SetInterruptHandler
                0x0000000000003ede       0x26
 .text.AD5227_CS2_SetInterruptHandler
                0x0000000000003ede       0x26 build/default/production/mcc_generated_files/system/src/pins.o
                0x0000000000003ede                AD5227_CS2_SetInterruptHandler

.text.AD9833_FSN2_SetInterruptHandler
                0x0000000000003f04       0x26
 .text.AD9833_FSN2_SetInterruptHandler
                0x0000000000003f04       0x26 build/default/production/mcc_generated_files/system/src/pins.o
                0x0000000000003f04                AD9833_FSN2_SetInterruptHandler

.text.TCA1_OverflowCallbackRegister
                0x0000000000003f2a       0x26
 .text.TCA1_OverflowCallbackRegister
                0x0000000000003f2a       0x26 build/default/production/mcc_generated_files/timer/src/tca1.o
                0x0000000000003f2a                TCA1_OverflowCallbackRegister

.text.ZCD1_Initialize
                0x0000000000003f50       0x24
 .text.ZCD1_Initialize
                0x0000000000003f50       0x24 build/default/production/mcc_generated_files/zcd/src/zcd1.o
                0x0000000000003f50                ZCD1_Initialize

.text.ZCD2_Initialize
                0x0000000000003f74       0x24
 .text.ZCD2_Initialize
                0x0000000000003f74       0x24 build/default/production/mcc_generated_files/zcd/src/zcd2.o
                0x0000000000003f74                ZCD2_Initialize

.text.ZCD0_Initialize
                0x0000000000003f98       0x24
 .text.ZCD0_Initialize
                0x0000000000003f98       0x24 build/default/production/mcc_generated_files/zcd/src/zcd0.o
                0x0000000000003f98                ZCD0_Initialize

.text.ADC0_ConversionStop
                0x0000000000003fbc       0x22
 .text.ADC0_ConversionStop
                0x0000000000003fbc       0x22 build/default/production/mcc_generated_files/adc/src/adc0.o
                0x0000000000003fbc                ADC0_ConversionStop

.text           0x0000000000003fde       0x22
 .text          0x0000000000003fde       0x22 c:/program files/microchip/xc8/v3.00/avr/bin/../lib/gcc/avr/5.4.0/../../../../avr/lib/avrxmega4\libm.a(fp_round.o)
                0x0000000000003fde                __fp_round

.text.AD5227Select
                0x0000000000004000       0x1c
 .text.AD5227Select
                0x0000000000004000       0x1c build/default/production/AD5227.o
                0x0000000000004000                AD5227Select

.text.AD9833Select
                0x000000000000401c       0x1c
 .text.AD9833Select
                0x000000000000401c       0x1c build/default/production/AD9833.o
                0x000000000000401c                AD9833Select

.text.phaseLossDetectionStatus
                0x0000000000004038       0x1c
 .text.phaseLossDetectionStatus
                0x0000000000004038       0x1c build/default/production/phaseFeatures.o
                0x0000000000004038                phaseLossDetectionStatus

.text.USART1_IsRxReady
                0x0000000000004054       0x1a
 .text.USART1_IsRxReady
                0x0000000000004054       0x1a build/default/production/mcc_generated_files/uart/src/usart1.o
                0x0000000000004054                USART1_IsRxReady

.text.USART1_IsTxReady
                0x000000000000406e       0x1a
 .text.USART1_IsTxReady
                0x000000000000406e       0x1a build/default/production/mcc_generated_files/uart/src/usart1.o
                0x000000000000406e                USART1_IsTxReady

.text.AD9833Reset
                0x0000000000004088       0x18
 .text.AD9833Reset
                0x0000000000004088       0x18 build/default/production/AD9833.o
                0x0000000000004088                AD9833Reset

.text.AD9833ClearReset
                0x00000000000040a0       0x18
 .text.AD9833ClearReset
                0x00000000000040a0       0x18 build/default/production/AD9833.o
                0x00000000000040a0                AD9833ClearReset

.text.exit      0x00000000000040b8       0x16
 .text.exit     0x00000000000040b8       0x16 c:/program files/microchip/xc8/v3.00/avr/bin/../lib/gcc/avr/5.4.0/../../../../avr/lib/avrxmega4\libc.a(exit.o)
                0x00000000000040b8                exit

.text.IO_PC4_DefaultInterruptHandler
                0x00000000000040ce       0x10
 .text.IO_PC4_DefaultInterruptHandler
                0x00000000000040ce       0x10 build/default/production/mcc_generated_files/system/src/pins.o
                0x00000000000040ce                IO_PC4_DefaultInterruptHandler

.text.IO_PC5_DefaultInterruptHandler
                0x00000000000040de       0x10
 .text.IO_PC5_DefaultInterruptHandler
                0x00000000000040de       0x10 build/default/production/mcc_generated_files/system/src/pins.o
                0x00000000000040de                IO_PC5_DefaultInterruptHandler

.text.IO_PC6_DefaultInterruptHandler
                0x00000000000040ee       0x10
 .text.IO_PC6_DefaultInterruptHandler
                0x00000000000040ee       0x10 build/default/production/mcc_generated_files/system/src/pins.o
                0x00000000000040ee                IO_PC6_DefaultInterruptHandler

.text.IO_PA0_DefaultInterruptHandler
                0x00000000000040fe       0x10
 .text.IO_PA0_DefaultInterruptHandler
                0x00000000000040fe       0x10 build/default/production/mcc_generated_files/system/src/pins.o
                0x00000000000040fe                IO_PA0_DefaultInterruptHandler

.text.IO_PA1_DefaultInterruptHandler
                0x000000000000410e       0x10
 .text.IO_PA1_DefaultInterruptHandler
                0x000000000000410e       0x10 build/default/production/mcc_generated_files/system/src/pins.o
                0x000000000000410e                IO_PA1_DefaultInterruptHandler

.text.IO_PA2_DefaultInterruptHandler
                0x000000000000411e       0x10
 .text.IO_PA2_DefaultInterruptHandler
                0x000000000000411e       0x10 build/default/production/mcc_generated_files/system/src/pins.o
                0x000000000000411e                IO_PA2_DefaultInterruptHandler

.text.IO_PA5_DefaultInterruptHandler
                0x000000000000412e       0x10
 .text.IO_PA5_DefaultInterruptHandler
                0x000000000000412e       0x10 build/default/production/mcc_generated_files/system/src/pins.o
                0x000000000000412e                IO_PA5_DefaultInterruptHandler

.text.IO_PA4_DefaultInterruptHandler
                0x000000000000413e       0x10
 .text.IO_PA4_DefaultInterruptHandler
                0x000000000000413e       0x10 build/default/production/mcc_generated_files/system/src/pins.o
                0x000000000000413e                IO_PA4_DefaultInterruptHandler

.text.IO_PA6_DefaultInterruptHandler
                0x000000000000414e       0x10
 .text.IO_PA6_DefaultInterruptHandler
                0x000000000000414e       0x10 build/default/production/mcc_generated_files/system/src/pins.o
                0x000000000000414e                IO_PA6_DefaultInterruptHandler

.text.IO_PC1_DefaultInterruptHandler
                0x000000000000415e       0x10
 .text.IO_PC1_DefaultInterruptHandler
                0x000000000000415e       0x10 build/default/production/mcc_generated_files/system/src/pins.o
                0x000000000000415e                IO_PC1_DefaultInterruptHandler

.text.IO_PC0_DefaultInterruptHandler
                0x000000000000416e       0x10
 .text.IO_PC0_DefaultInterruptHandler
                0x000000000000416e       0x10 build/default/production/mcc_generated_files/system/src/pins.o
                0x000000000000416e                IO_PC0_DefaultInterruptHandler

.text.IO_PD1_DefaultInterruptHandler
                0x000000000000417e       0x10
 .text.IO_PD1_DefaultInterruptHandler
                0x000000000000417e       0x10 build/default/production/mcc_generated_files/system/src/pins.o
                0x000000000000417e                IO_PD1_DefaultInterruptHandler

.text.IO_PE7_DefaultInterruptHandler
                0x000000000000418e       0x10
 .text.IO_PE7_DefaultInterruptHandler
                0x000000000000418e       0x10 build/default/production/mcc_generated_files/system/src/pins.o
                0x000000000000418e                IO_PE7_DefaultInterruptHandler

.text.IO_PE3_DefaultInterruptHandler
                0x000000000000419e       0x10
 .text.IO_PE3_DefaultInterruptHandler
                0x000000000000419e       0x10 build/default/production/mcc_generated_files/system/src/pins.o
                0x000000000000419e                IO_PE3_DefaultInterruptHandler

.text.AD5227_CS1_DefaultInterruptHandler
                0x00000000000041ae       0x10
 .text.AD5227_CS1_DefaultInterruptHandler
                0x00000000000041ae       0x10 build/default/production/mcc_generated_files/system/src/pins.o
                0x00000000000041ae                AD5227_CS1_DefaultInterruptHandler

.text.AD5227_CS3_DefaultInterruptHandler
                0x00000000000041be       0x10
 .text.AD5227_CS3_DefaultInterruptHandler
                0x00000000000041be       0x10 build/default/production/mcc_generated_files/system/src/pins.o
                0x00000000000041be                AD5227_CS3_DefaultInterruptHandler

.text.WC_OE2_DefaultInterruptHandler
                0x00000000000041ce       0x10
 .text.WC_OE2_DefaultInterruptHandler
                0x00000000000041ce       0x10 build/default/production/mcc_generated_files/system/src/pins.o
                0x00000000000041ce                WC_OE2_DefaultInterruptHandler

.text.SW_DefaultInterruptHandler
                0x00000000000041de       0x10
 .text.SW_DefaultInterruptHandler
                0x00000000000041de       0x10 build/default/production/mcc_generated_files/system/src/pins.o
                0x00000000000041de                SW_DefaultInterruptHandler

.text.WC_OE1_DefaultInterruptHandler
                0x00000000000041ee       0x10
 .text.WC_OE1_DefaultInterruptHandler
                0x00000000000041ee       0x10 build/default/production/mcc_generated_files/system/src/pins.o
                0x00000000000041ee                WC_OE1_DefaultInterruptHandler

.text.WC_OE3_DefaultInterruptHandler
                0x00000000000041fe       0x10
 .text.WC_OE3_DefaultInterruptHandler
                0x00000000000041fe       0x10 build/default/production/mcc_generated_files/system/src/pins.o
                0x00000000000041fe                WC_OE3_DefaultInterruptHandler

.text.AD9833_FSN1_DefaultInterruptHandler
                0x000000000000420e       0x10
 .text.AD9833_FSN1_DefaultInterruptHandler
                0x000000000000420e       0x10 build/default/production/mcc_generated_files/system/src/pins.o
                0x000000000000420e                AD9833_FSN1_DefaultInterruptHandler

.text.AD9833_FSN3_DefaultInterruptHandler
                0x000000000000421e       0x10
 .text.AD9833_FSN3_DefaultInterruptHandler