Archive member included to satisfy reference by file (symbol)

c:/program files/microchip/xc8/v2.20/avr/bin/../lib/gcc/avr/5.4.0/../../../../avr/lib/avrxmega4/memx-const\libm.a(addsf3.o)
                              build/default/production/application.o (__addsf3)
c:/program files/microchip/xc8/v2.20/avr/bin/../lib/gcc/avr/5.4.0/../../../../avr/lib/avrxmega4/memx-const\libm.a(addsf3x.o)
                              c:/program files/microchip/xc8/v2.20/avr/bin/../lib/gcc/avr/5.4.0/../../../../avr/lib/avrxmega4/memx-const\libm.a(addsf3.o) (__addsf3x)
c:/program files/microchip/xc8/v2.20/avr/bin/../lib/gcc/avr/5.4.0/../../../../avr/lib/avrxmega4/memx-const\libm.a(cmpsf2.o)
                              build/default/production/application.o (__ltsf2)
c:/program files/microchip/xc8/v2.20/avr/bin/../lib/gcc/avr/5.4.0/../../../../avr/lib/avrxmega4/memx-const\libm.a(divsf3.o)
                              build/default/production/application.o (__divsf3)
c:/program files/microchip/xc8/v2.20/avr/bin/../lib/gcc/avr/5.4.0/../../../../avr/lib/avrxmega4/memx-const\libm.a(divsf3x.o)
                              c:/program files/microchip/xc8/v2.20/avr/bin/../lib/gcc/avr/5.4.0/../../../../avr/lib/avrxmega4/memx-const\libm.a(divsf3.o) (__divsf3x)
c:/program files/microchip/xc8/v2.20/avr/bin/../lib/gcc/avr/5.4.0/../../../../avr/lib/avrxmega4/memx-const\libm.a(fixunssfsi.o)
                              build/default/production/application.o (__fixunssfsi)
c:/program files/microchip/xc8/v2.20/avr/bin/../lib/gcc/avr/5.4.0/../../../../avr/lib/avrxmega4/memx-const\libm.a(floatsisf.o)
                              build/default/production/application.o (__floatunsisf)
c:/program files/microchip/xc8/v2.20/avr/bin/../lib/gcc/avr/5.4.0/../../../../avr/lib/avrxmega4/memx-const\libm.a(fp_cmp.o)
                              c:/program files/microchip/xc8/v2.20/avr/bin/../lib/gcc/avr/5.4.0/../../../../avr/lib/avrxmega4/memx-const\libm.a(cmpsf2.o) (__fp_cmp)
c:/program files/microchip/xc8/v2.20/avr/bin/../lib/gcc/avr/5.4.0/../../../../avr/lib/avrxmega4/memx-const\libm.a(fp_inf.o)
                              c:/program files/microchip/xc8/v2.20/avr/bin/../lib/gcc/avr/5.4.0/../../../../avr/lib/avrxmega4/memx-const\libm.a(addsf3x.o) (__fp_inf)
c:/program files/microchip/xc8/v2.20/avr/bin/../lib/gcc/avr/5.4.0/../../../../avr/lib/avrxmega4/memx-const\libm.a(fp_nan.o)
                              c:/program files/microchip/xc8/v2.20/avr/bin/../lib/gcc/avr/5.4.0/../../../../avr/lib/avrxmega4/memx-const\libm.a(addsf3x.o) (__fp_nan)
c:/program files/microchip/xc8/v2.20/avr/bin/../lib/gcc/avr/5.4.0/../../../../avr/lib/avrxmega4/memx-const\libm.a(fp_pscA.o)
                              c:/program files/microchip/xc8/v2.20/avr/bin/../lib/gcc/avr/5.4.0/../../../../avr/lib/avrxmega4/memx-const\libm.a(addsf3x.o) (__fp_pscA)
c:/program files/microchip/xc8/v2.20/avr/bin/../lib/gcc/avr/5.4.0/../../../../avr/lib/avrxmega4/memx-const\libm.a(fp_pscB.o)
                              c:/program files/microchip/xc8/v2.20/avr/bin/../lib/gcc/avr/5.4.0/../../../../avr/lib/avrxmega4/memx-const\libm.a(addsf3x.o) (__fp_pscB)
c:/program files/microchip/xc8/v2.20/avr/bin/../lib/gcc/avr/5.4.0/../../../../avr/lib/avrxmega4/memx-const\libm.a(fp_round.o)
                              c:/program files/microchip/xc8/v2.20/avr/bin/../lib/gcc/avr/5.4.0/../../../../avr/lib/avrxmega4/memx-const\libm.a(addsf3.o) (__fp_round)
c:/program files/microchip/xc8/v2.20/avr/bin/../lib/gcc/avr/5.4.0/../../../../avr/lib/avrxmega4/memx-const\libm.a(fp_split3.o)
                              c:/program files/microchip/xc8/v2.20/avr/bin/../lib/gcc/avr/5.4.0/../../../../avr/lib/avrxmega4/memx-const\libm.a(addsf3x.o) (__fp_split3)
c:/program files/microchip/xc8/v2.20/avr/bin/../lib/gcc/avr/5.4.0/../../../../avr/lib/avrxmega4/memx-const\libm.a(fp_zero.o)
                              c:/program files/microchip/xc8/v2.20/avr/bin/../lib/gcc/avr/5.4.0/../../../../avr/lib/avrxmega4/memx-const\libm.a(addsf3x.o) (__fp_zero)
c:/program files/microchip/xc8/v2.20/avr/bin/../lib/gcc/avr/5.4.0/../../../../avr/lib/avrxmega4/memx-const\libm.a(gesf2.o)
                              build/default/production/application.o (__gtsf2)
c:/program files/microchip/xc8/v2.20/avr/bin/../lib/gcc/avr/5.4.0/../../../../avr/lib/avrxmega4/memx-const\libm.a(mulsf3.o)
                              build/default/production/application.o (__mulsf3)
c:/program files/microchip/xc8/v2.20/avr/bin/../lib/gcc/avr/5.4.0/../../../../avr/lib/avrxmega4/memx-const\libm.a(mulsf3x.o)
                              c:/program files/microchip/xc8/v2.20/avr/bin/../lib/gcc/avr/5.4.0/../../../../avr/lib/avrxmega4/memx-const\libm.a(mulsf3.o) (__mulsf3x)
c:/program files/microchip/xc8/v2.20/avr/bin/../lib/gcc/avr/5.4.0/../../../../avr/lib/avrxmega4/memx-const\libm.a(sqrt.o)
                              build/default/production/application.o (sqrt)
[...]
Memory Configuration

Name             Origin             Length             Attributes
text             0x0000000000000000 0x0000000000020000 xr
data             0x0000000000804000 0x0000000000004000 rw !x
eeprom           0x0000000000810000 0x0000000000000200 rw !x
fuse             0x0000000000820000 0x0000000000000010 rw !x
lock             0x0000000000830000 0x0000000000000400 rw !x
signature        0x0000000000840000 0x0000000000000400 rw !x
user_signatures  0x0000000000850000 0x0000000000000400 rw !x
*default*        0x0000000000000000 0xffffffffffffffff

Linker script and memory map

Address of section .data set to 0x804000
                0x0000000000008000                __RODATA_PM_OFFSET__ = 0x8000
LOAD C:/Users/I20946/.mchp_packs/Microchip/AVR-Dx_DFP/1.3.65/xc8/avr/lib/avrxmega4/memx-const/crtavr128da64.o
                0x0000000000000001                __MPLAB_BUILD = 0x1
LOAD build/default/production/mcc_generated_files/src/zcd2.o
LOAD build/default/production/mcc_generated_files/src/zcd1.o
LOAD build/default/production/mcc_generated_files/src/pin_manager.o
LOAD build/default/production/mcc_generated_files/src/cpuint.o
LOAD build/default/production/mcc_generated_files/src/spi0.o
LOAD build/default/production/mcc_generated_files/src/protected_io.o
LOAD build/default/production/mcc_generated_files/src/zcd0.o
LOAD build/default/production/mcc_generated_files/src/adc0.o
LOAD build/default/production/mcc_generated_files/src/vref.o
LOAD build/default/production/mcc_generated_files/src/tca1.o
LOAD build/default/production/mcc_generated_files/src/tca0.o
LOAD build/default/production/mcc_generated_files/src/usart1.o
LOAD build/default/production/mcc_generated_files/mcc.o
LOAD build/default/production/mcc_generated_files/device_config.o
LOAD build/default/production/main.o
LOAD build/default/production/AD5227.o
LOAD build/default/production/AD9833.o
LOAD build/default/production/Communication.o
LOAD build/default/production/application.o
LOAD build/default/production/dataVisualizer.o
START GROUP
LOAD c:/program files/microchip/xc8/v2.20/avr/bin/../lib/gcc/avr/5.4.0/../../../../avr/lib/avrxmega4/memx-const\libm.a
END GROUP
START GROUP
LOAD c:/program files/microchip/xc8/v2.20/avr/bin/../lib/gcc/avr/5.4.0/avrxmega4/memx-const\libgcc.a
LOAD c:/program files/microchip/xc8/v2.20/avr/bin/../lib/gcc/avr/5.4.0/../../../../avr/lib/avrxmega4/memx-const\libm.a
LOAD c:/program files/microchip/xc8/v2.20/avr/bin/../lib/gcc/avr/5.4.0/../../../../avr/lib/avrxmega4/memx-const\libc.a
LOAD C:/Users/I20946/.mchp_packs/Microchip/AVR-Dx_DFP/1.3.65/xc8/avr/lib/avrxmega4/memx-const\libavr128da64.a
END GROUP
                [0x0000000000000000]                __TEXT_REGION_ORIGIN__ = DEFINED (__TEXT_REGION_ORIGIN__)?__TEXT_REGION_ORIGIN__:0x0
                [0x0000000000804000]                __DATA_REGION_ORIGIN__ = DEFINED (__DATA_REGION_ORIGIN__)?__DATA_REGION_ORIGIN__:0x802000
                [0x0000000000020000]                __TEXT_REGION_LENGTH__ = DEFINED (__TEXT_REGION_LENGTH__)?__TEXT_REGION_LENGTH__:0x100000
                [0x0000000000004000]                __DATA_REGION_LENGTH__ = DEFINED (__DATA_REGION_LENGTH__)?__DATA_REGION_LENGTH__:0xffa0
                [0x0000000000000200]                __EEPROM_REGION_LENGTH__ = DEFINED (__EEPROM_REGION_LENGTH__)?__EEPROM_REGION_LENGTH__:0x10000
                [0x0000000000000010]                __FUSE_REGION_LENGTH__ = DEFINED (__FUSE_REGION_LENGTH__)?__FUSE_REGION_LENGTH__:0x400
                0x0000000000000400                __LOCK_REGION_LENGTH__ = DEFINED (__LOCK_REGION_LENGTH__)?__LOCK_REGION_LENGTH__:0x400
                0x0000000000000400                __SIGNATURE_REGION_LENGTH__ = DEFINED (__SIGNATURE_REGION_LENGTH__)?__SIGNATURE_REGION_LENGTH__:0x400
                0x0000000000000400                __USER_SIGNATURE_REGION_LENGTH__ = DEFINED (__USER_SIGNATURE_REGION_LENGTH__)?__USER_SIGNATURE_REGION_LENGTH__:0x400

.hash
 *(.hash)

.dynsym
 *(.dynsym)

.dynstr
 *(.dynstr)

.gnu.version
 *(.gnu.version)

.gnu.version_d
 *(.gnu.version_d)

.gnu.version_r
 *(.gnu.version_r)

.rel.init
 *(.rel.init)

.rela.init
 *(.rela.init)

.rel.text
 *(.rel.text)
 *(.rel.text.*)
 *(.rel.gnu.linkonce.t*)

.rela.text
 *(.rela.text)
 *(.rela.text.*)
 *(.rela.gnu.linkonce.t*)

.rel.fini
 *(.rel.fini)

.rela.fini
 *(.rela.fini)

.rel.rodata
 *(.rel.rodata)
 *(.rel.rodata.*)
 *(.rel.gnu.linkonce.r*)

.rela.rodata
 *(.rela.rodata)
 *(.rela.rodata.*)
 *(.rela.gnu.linkonce.r*)

.rel.data
 *(.rel.data)
 *(.rel.data.*)
 *(.rel.gnu.linkonce.d*)

.rela.data
 *(.rela.data)
 *(.rela.data.*)
 *(.rela.gnu.linkonce.d*)

.rel.ctors
 *(.rel.ctors)

.rela.ctors
 *(.rela.ctors)

.rel.dtors
 *(.rel.dtors)

.rela.dtors
 *(.rela.dtors)

.rel.got
 *(.rel.got)

.rela.got
 *(.rela.got)

.rel.bss
 *(.rel.bss)

.rela.bss
 *(.rela.bss)

.rel.plt
 *(.rel.plt)

.rela.plt
 *(.rela.plt)

.text           0x0000000000000000      0x188
 *(.vectors)
 .vectors       0x0000000000000000      0x100 C:/Users/I20946/.mchp_packs/Microchip/AVR-Dx_DFP/1.3.65/xc8/avr/lib/avrxmega4/memx-const/crtavr128da64.o
                0x0000000000000000                __vector_default
                0x0000000000000000                __vectors
 *(.vectors)
 *(.progmem.gcc*)
 *(.dinit)
 .dinit         0x0000000000000100       0x30 data_init
                0x0000000000000130                . = ALIGN (0x2)
 *fill*         0x0000000000000130        0x0 
                0x0000000000000130                __trampolines_start = .
 *(.trampolines)
 .trampolines   0x0000000000000130        0x0 linker stubs
 *(.trampolines*)
                0x0000000000000130                __trampolines_end = .
 *libprintf_flt.a:*(.progmem.data)
 *libc.a:*(.progmem.data)
                0x0000000000000130                . = ALIGN (0x2)
 *(.jumptables)
 *(.jumptables*)
 *(.lowtext)
 *(.lowtext*)
                0x0000000000000130                __ctors_start = .
 *(.ctors)
                0x0000000000000130                __ctors_end = .
                0x0000000000000130                __dtors_start = .
 *(.dtors)
                0x0000000000000130                __dtors_end = .
 SORT(*)(.ctors)
 SORT(*)(.dtors)
 *(.init0)
 .init0         0x0000000000000130        0x0 C:/Users/I20946/.mchp_packs/Microchip/AVR-Dx_DFP/1.3.65/xc8/avr/lib/avrxmega4/memx-const/crtavr128da64.o
                0x0000000000000130                __init
 *(.init0)
 *(.init1)
 *(.init1)
 *(.init2)
 .init2         0x0000000000000130        0xc C:/Users/I20946/.mchp_packs/Microchip/AVR-Dx_DFP/1.3.65/xc8/avr/lib/avrxmega4/memx-const/crtavr128da64.o
 *(.init2)
 *(.init3)
 *(.init3)
 *(.init4)
 .init4         0x000000000000013c       0x40 c:/program files/microchip/xc8/v2.20/avr/bin/../lib/gcc/avr/5.4.0/avrxmega4/memx-const\libgcc.a(_copy_data.o)
                0x000000000000013c                __do_copy_data
                0x000000000000016e                __do_clear_bss
 *(.init4)
 *(.init5)
 *(.init5)
 *(.init6)
 *(.init6)
 *(.init7)
 *(.init7)
 *(.init8)
 *(.init8)
 *(.init9)
 .init9         0x000000000000017c        0x8 C:/Users/I20946/.mchp_packs/Microchip/AVR-Dx_DFP/1.3.65/xc8/avr/lib/avrxmega4/memx-const/crtavr128da64.o
 *(.init9)
                0x0000000000000184                . = ALIGN (0x2)
 *(.fini9)
 .fini9         0x0000000000000184        0x0 c:/program files/microchip/xc8/v2.20/avr/bin/../lib/gcc/avr/5.4.0/avrxmega4/memx-const\libgcc.a(_exit.o)
                0x0000000000000184                _exit
                0x0000000000000184                exit
 *(.fini9)
 *(.fini8)
 *(.fini8)
 *(.fini7)
 *(.fini7)
 *(.fini6)
 *(.fini6)
 *(.fini5)
 *(.fini5)
 *(.fini4)
 *(.fini4)
 *(.fini3)
 *(.fini3)
 *(.fini2)
 *(.fini2)
 *(.fini1)
 *(.fini1)
 *(.fini0)
 .fini0         0x0000000000000184        0x4 c:/program files/microchip/xc8/v2.20/avr/bin/../lib/gcc/avr/5.4.0/avrxmega4/memx-const\libgcc.a(_exit.o)
 *(.fini0)
                0x0000000000000188                _etext = .

.data           0x0000000000804000        0x0 load address 0x0000000000000188
                [!provide]                        PROVIDE (__data_start, .)
 *(.gnu.linkonce.d*)
 *(.gnu.linkonce.r*)
                0x0000000000804000                . = ALIGN (0x2)
                0x0000000000804000                _edata = .
                [!provide]                        PROVIDE (__data_end, .)

.bss            0x0000000000804000       0x1d
                [!provide]                        PROVIDE (__bss_start, .)
 *(COMMON)
 COMMON         0x0000000000804000        0x4 build/default/production/application.o
                0x0000000000804000                timerCounterValue
                0x0000000000804002                wfclkSel_st
 COMMON         0x0000000000804004       0x19 build/default/production/dataVisualizer.o
                0x0000000000804004                dataStremerFrame_u
                [!provide]                        PROVIDE (__bss_end, .)
                0x0000000000000188                __data_load_start = LOADADDR (.data)
                0x0000000000000188                __data_load_end = (__data_load_start + SIZEOF (.data))

.noinit         0x000000000080401d        0x0
                [!provide]                        PROVIDE (__noinit_start, .)
 *(.noinit*)
                [!provide]                        PROVIDE (__noinit_end, .)
                0x000000000080401d                _end = .

.eeprom         0x0000000000810000        0x0
 *(.eeprom*)
                0x0000000000810000                __eeprom_end = .

.fuse           0x0000000000820000        0x9
 *(.fuse)
 .fuse          0x0000000000820000        0x9 build/default/production/mcc_generated_files/device_config.o
                0x0000000000820000                __fuse
 *(.lfuse)
 *(.hfuse)
 *(.efuse)

.lock
 *(.lock*)

.signature
 *(.signature*)

.user_signatures
 *(.user_signatures*)

.stab
 *(.stab)

.stabstr
 *(.stabstr)

.stab.excl
 *(.stab.excl)

.stab.exclstr
 *(.stab.exclstr)

.stab.index
 *(.stab.index)

.stab.indexstr
 *(.stab.indexstr)

.comment        0x0000000000000000       0x2f
 *(.comment)
 .comment       0x0000000000000000       0x2f build/default/production/mcc_generated_files/src/zcd2.o
                                         0x30 (size before relaxing)
 .comment       0x000000000000002f       0x30 build/default/production/mcc_generated_files/src/zcd1.o
 .comment       0x000000000000002f       0x30 build/default/production/mcc_generated_files/src/pin_manager.o
 .comment       0x000000000000002f       0x30 build/default/production/mcc_generated_files/src/cpuint.o
 .comment       0x000000000000002f       0x30 build/default/production/mcc_generated_files/src/spi0.o
 .comment       0x000000000000002f       0x30 build/default/production/mcc_generated_files/src/zcd0.o
 .comment       0x000000000000002f       0x30 build/default/production/mcc_generated_files/src/adc0.o
 .comment       0x000000000000002f       0x30 build/default/production/mcc_generated_files/src/vref.o
 .comment       0x000000000000002f       0x30 build/default/production/mcc_generated_files/src/tca1.o
 .comment       0x000000000000002f       0x30 build/default/production/mcc_generated_files/src/tca0.o
 .comment       0x000000000000002f       0x30 build/default/production/mcc_generated_files/src/usart1.o
 .comment       0x000000000000002f       0x30 build/default/production/mcc_generated_files/mcc.o
 .comment       0x000000000000002f       0x30 build/default/production/mcc_generated_files/device_config.o
 .comment       0x000000000000002f       0x30 build/default/production/main.o
 .comment       0x000000000000002f       0x30 build/default/production/AD5227.o
 .comment       0x000000000000002f       0x30 build/default/production/AD9833.o
 .comment       0x000000000000002f       0x30 build/default/production/Communication.o
 .comment       0x000000000000002f       0x30 build/default/production/application.o
 .comment       0x000000000000002f       0x30 build/default/production/dataVisualizer.o

.note.gnu.build-id
 *(.note.gnu.build-id)

.debug
 *(.debug)

.line
 *(.line)

.debug_srcinfo
 *(.debug_srcinfo)

.debug_sfnames
 *(.debug_sfnames)

.debug_aranges  0x0000000000000000      0x7c0
 *(.debug_aranges)
 .debug_aranges
                0x0000000000000000       0x28 build/default/production/mcc_generated_files/src/zcd2.o
 .debug_aranges
                0x0000000000000028       0x28 build/default/production/mcc_generated_files/src/zcd1.o
 .debug_aranges
                0x0000000000000050      0x1a8 build/default/production/mcc_generated_files/src/pin_manager.o
 .debug_aranges
                0x00000000000001f8       0x20 build/default/production/mcc_generated_files/src/cpuint.o
 .debug_aranges
                0x0000000000000218       0x98 build/default/production/mcc_generated_files/src/spi0.o
 .debug_aranges
                0x00000000000002b0       0x20 build/default/production/mcc_generated_files/src/protected_io.o
 .debug_aranges
                0x00000000000002d0       0x28 build/default/production/mcc_generated_files/src/zcd0.o
 .debug_aranges
                0x00000000000002f8       0xc0 build/default/production/mcc_generated_files/src/adc0.o
 .debug_aranges
                0x00000000000003b8       0x20 build/default/production/mcc_generated_files/src/vref.o
 .debug_aranges
                0x00000000000003d8       0xb0 build/default/production/mcc_generated_files/src/tca1.o
 .debug_aranges
                0x0000000000000488       0xb0 build/default/production/mcc_generated_files/src/tca0.o
 .debug_aranges
                0x0000000000000538       0xb8 build/default/production/mcc_generated_files/src/usart1.o
 .debug_aranges
                0x00000000000005f0       0x48 build/default/production/mcc_generated_files/mcc.o
 .debug_aranges
                0x0000000000000638       0x18 build/default/production/mcc_generated_files/device_config.o
 .debug_aranges
                0x0000000000000650       0x20 build/default/production/main.o
 .debug_aranges
                0x0000000000000670       0x38 build/default/production/AD5227.o
 .debug_aranges
                0x00000000000006a8       0x50 build/default/production/AD9833.o
 .debug_aranges
                0x00000000000006f8       0x40 build/default/production/Communication.o
 .debug_aranges
                0x0000000000000738       0x68 build/default/production/application.o
 .debug_aranges
                0x00000000000007a0       0x20 build/default/production/dataVisualizer.o

.debug_pubnames
 *(.debug_pubnames)

.debug_info     0x0000000000000000     0xd686
 *(.debug_info .gnu.linkonce.wi.*)
 .debug_info    0x0000000000000000     0x3072 C:/Users/I20946/.mchp_packs/Microchip/AVR-Dx_DFP/1.3.65/xc8/avr/lib/avrxmega4/memx-const/crtavr128da64.o
 .debug_info    0x0000000000003072      0x3f0 build/default/production/mcc_generated_files/src/zcd2.o
 .debug_info    0x0000000000003462      0x455 build/default/production/mcc_generated_files/src/zcd1.o
 .debug_info    0x00000000000038b7     0x17ad build/default/production/mcc_generated_files/src/pin_manager.o
 .debug_info    0x0000000000005064      0x40b build/default/production/mcc_generated_files/src/cpuint.o
 .debug_info    0x000000000000546f      0x7d7 build/default/production/mcc_generated_files/src/spi0.o
 .debug_info    0x0000000000005c46       0xcb build/default/production/mcc_generated_files/src/protected_io.o
 .debug_info    0x0000000000005d11      0x42f build/default/production/mcc_generated_files/src/zcd0.o
 .debug_info    0x0000000000006140      0xee8 build/default/production/mcc_generated_files/src/adc0.o
 .debug_info    0x0000000000007028      0x37e build/default/production/mcc_generated_files/src/vref.o
 .debug_info    0x00000000000073a6      0xdc3 build/default/production/mcc_generated_files/src/tca1.o
 .debug_info    0x0000000000008169      0xd55 build/default/production/mcc_generated_files/src/tca0.o
 .debug_info    0x0000000000008ebe      0x9b1 build/default/production/mcc_generated_files/src/usart1.o
 .debug_info    0x000000000000986f      0xaa2 build/default/production/mcc_generated_files/mcc.o
 .debug_info    0x000000000000a311      0x874 build/default/production/mcc_generated_files/device_config.o
 .debug_info    0x000000000000ab85      0x3bb build/default/production/main.o
 .debug_info    0x000000000000af40      0x4f2 build/default/production/AD5227.o
 .debug_info    0x000000000000b432      0x628 build/default/production/AD9833.o
 .debug_info    0x000000000000ba5a      0x5c8 build/default/production/Communication.o
 .debug_info    0x000000000000c022     0x10e6 build/default/production/application.o
 .debug_info    0x000000000000d108      0x57e build/default/production/dataVisualizer.o

.debug_abbrev   0x0000000000000000     0x4759
 *(.debug_abbrev)
 .debug_abbrev  0x0000000000000000     0x2de2 C:/Users/I20946/.mchp_packs/Microchip/AVR-Dx_DFP/1.3.65/xc8/avr/lib/avrxmega4/memx-const/crtavr128da64.o
 .debug_abbrev  0x0000000000002de2       0xb5 build/default/production/mcc_generated_files/src/zcd2.o
 .debug_abbrev  0x0000000000002e97       0xb5 build/default/production/mcc_generated_files/src/zcd1.o
 .debug_abbrev  0x0000000000002f4c      0x180 build/default/production/mcc_generated_files/src/pin_manager.o
 .debug_abbrev  0x00000000000030cc       0xfa build/default/production/mcc_generated_files/src/cpuint.o
 .debug_abbrev  0x00000000000031c6      0x1c4 build/default/production/mcc_generated_files/src/spi0.o
 .debug_abbrev  0x000000000000338a       0x14 build/default/production/mcc_generated_files/src/protected_io.o
 .debug_abbrev  0x000000000000339e       0xb5 build/default/production/mcc_generated_files/src/zcd0.o
 .debug_abbrev  0x0000000000003453      0x235 build/default/production/mcc_generated_files/src/adc0.o
 .debug_abbrev  0x0000000000003688       0x8c build/default/production/mcc_generated_files/src/vref.o
 .debug_abbrev  0x0000000000003714      0x19e build/default/production/mcc_generated_files/src/tca1.o
 .debug_abbrev  0x00000000000038b2      0x19e build/default/production/mcc_generated_files/src/tca0.o
 .debug_abbrev  0x0000000000003a50      0x261 build/default/production/mcc_generated_files/src/usart1.o
 .debug_abbrev  0x0000000000003cb1      0x17b build/default/production/mcc_generated_files/mcc.o
 .debug_abbrev  0x0000000000003e2c       0x97 build/default/production/mcc_generated_files/device_config.o
 .debug_abbrev  0x0000000000003ec3       0xd2 build/default/production/main.o
 .debug_abbrev  0x0000000000003f95      0x10f build/default/production/AD5227.o
 .debug_abbrev  0x00000000000040a4       0xec build/default/production/AD9833.o
 .debug_abbrev  0x0000000000004190      0x12f build/default/production/Communication.o
 .debug_abbrev  0x00000000000042bf      0x34e build/default/production/application.o
 .debug_abbrev  0x000000000000460d      0x14c build/default/production/dataVisualizer.o

.debug_line     0x0000000000000000     0x3150
 *(.debug_line .debug_line.* .debug_line_end)
 .debug_line    0x0000000000000000      0x21a C:/Users/I20946/.mchp_packs/Microchip/AVR-Dx_DFP/1.3.65/xc8/avr/lib/avrxmega4/memx-const/crtavr128da64.o
 .debug_line    0x000000000000021a      0x137 build/default/production/mcc_generated_files/src/zcd2.o
 .debug_line    0x0000000000000351      0x155 build/default/production/mcc_generated_files/src/zcd1.o
 .debug_line    0x00000000000004a6      0x765 build/default/production/mcc_generated_files/src/pin_manager.o
 .debug_line    0x0000000000000c0b      0x17b build/default/production/mcc_generated_files/src/cpuint.o
 .debug_line    0x0000000000000d86      0x39e build/default/production/mcc_generated_files/src/spi0.o
 .debug_line    0x0000000000001124       0x6c build/default/production/mcc_generated_files/src/protected_io.o
 .debug_line    0x0000000000001190      0x143 build/default/production/mcc_generated_files/src/zcd0.o
 .debug_line    0x00000000000012d3      0x3c4 build/default/production/mcc_generated_files/src/adc0.o
 .debug_line    0x0000000000001697      0x103 build/default/production/mcc_generated_files/src/vref.o
 .debug_line    0x000000000000179a      0x374 build/default/production/mcc_generated_files/src/tca1.o
 .debug_line    0x0000000000001b0e      0x361 build/default/production/mcc_generated_files/src/tca0.o
 .debug_line    0x0000000000001e6f      0x411 build/default/production/mcc_generated_files/src/usart1.o
 .debug_line    0x0000000000002280      0x2c6 build/default/production/mcc_generated_files/mcc.o
 .debug_line    0x0000000000002546       0xe0 build/default/production/mcc_generated_files/device_config.o
 .debug_line    0x0000000000002626      0x116 build/default/production/main.o
 .debug_line    0x000000000000273c      0x148 build/default/production/AD5227.o
 .debug_line    0x0000000000002884      0x16b build/default/production/AD9833.o
 .debug_line    0x00000000000029ef      0x183 build/default/production/Communication.o
 .debug_line    0x0000000000002b72      0x4b8 build/default/production/application.o
 .debug_line    0x000000000000302a      0x126 build/default/production/dataVisualizer.o

.debug_frame    0x0000000000000000     0x1248
 *(.debug_frame)
 .debug_frame   0x0000000000000000       0x50 build/default/production/mcc_generated_files/src/zcd2.o
 .debug_frame   0x0000000000000050       0x54 build/default/production/mcc_generated_files/src/zcd1.o
 .debug_frame   0x00000000000000a4      0x35c build/default/production/mcc_generated_files/src/pin_manager.o
 .debug_frame   0x0000000000000400       0x24 build/default/production/mcc_generated_files/src/cpuint.o
 .debug_frame   0x0000000000000424      0x114 build/default/production/mcc_generated_files/src/spi0.o
 .debug_frame   0x0000000000000538       0x50 build/default/production/mcc_generated_files/src/zcd0.o
 .debug_frame   0x0000000000000588      0x1bc build/default/production/mcc_generated_files/src/adc0.o
 .debug_frame   0x0000000000000744       0x24 build/default/production/mcc_generated_files/src/vref.o
 .debug_frame   0x0000000000000768      0x264 build/default/production/mcc_generated_files/src/tca1.o
 .debug_frame   0x00000000000009cc      0x264 build/default/production/mcc_generated_files/src/tca0.o
 .debug_frame   0x0000000000000c30      0x200 build/default/production/mcc_generated_files/src/usart1.o
 .debug_frame   0x0000000000000e30       0x84 build/default/production/mcc_generated_files/mcc.o
 .debug_frame   0x0000000000000eb4       0x24 build/default/production/main.o
 .debug_frame   0x0000000000000ed8       0xa4 build/default/production/AD5227.o
 .debug_frame   0x0000000000000f7c       0xbc build/default/production/AD9833.o
 .debug_frame   0x0000000000001038       0x64 build/default/production/Communication.o
 .debug_frame   0x000000000000109c      0x174 build/default/production/application.o
 .debug_frame   0x0000000000001210       0x38 build/default/production/dataVisualizer.o

.debug_str      0x0000000000000000     0x189b
 *(.debug_str)
 .debug_str     0x0000000000000000     0x14e3 C:/Users/I20946/.mchp_packs/Microchip/AVR-Dx_DFP/1.3.65/xc8/avr/lib/avrxmega4/memx-const/crtavr128da64.o
 .debug_str     0x00000000000014e3        0x0 build/default/production/mcc_generated_files/src/zcd2.o
 .debug_str     0x00000000000014e3        0x0 build/default/production/mcc_generated_files/src/zcd1.o
 .debug_str     0x00000000000014e3       0x1c build/default/production/mcc_generated_files/src/pin_manager.o
 .debug_str     0x00000000000014ff       0x13 build/default/production/mcc_generated_files/src/cpuint.o
 .debug_str     0x0000000000001512       0x17 build/default/production/mcc_generated_files/src/spi0.o
 .debug_str     0x0000000000001529        0x0 build/default/production/mcc_generated_files/src/zcd0.o
 .debug_str     0x0000000000001529       0x11 build/default/production/mcc_generated_files/src/adc0.o
 .debug_str     0x000000000000153a        0x0 build/default/production/mcc_generated_files/src/vref.o
 .debug_str     0x000000000000153a       0x52 build/default/production/mcc_generated_files/src/tca1.o
 .debug_str     0x000000000000158c       0x52 build/default/production/mcc_generated_files/src/tca0.o
 .debug_str     0x00000000000015de        0x0 build/default/production/mcc_generated_files/src/usart1.o
 .debug_str     0x00000000000015de       0xe6 build/default/production/mcc_generated_files/mcc.o
 .debug_str     0x00000000000016c4        0x0 build/default/production/mcc_generated_files/device_config.o
 .debug_str     0x00000000000016c4       0x65 build/default/production/main.o
 .debug_str     0x0000000000001729       0x36 build/default/production/AD5227.o
 .debug_str     0x000000000000175f       0x1c build/default/production/AD9833.o
 .debug_str     0x000000000000177b       0x41 build/default/production/Communication.o
 .debug_str     0x00000000000017bc       0xd2 build/default/production/application.o
 .debug_str     0x000000000000188e        0xd build/default/production/dataVisualizer.o

.debug_loc      0x0000000000000000     0x109b
 *(.debug_loc)
 .debug_loc     0x0000000000000000       0x8d build/default/production/mcc_generated_files/src/pin_manager.o
 .debug_loc     0x000000000000008d       0x2a build/default/production/mcc_generated_files/src/cpuint.o
 .debug_loc     0x00000000000000b7      0x27a build/default/production/mcc_generated_files/src/spi0.o
 .debug_loc     0x0000000000000331       0xcc build/default/production/mcc_generated_files/src/adc0.o
 .debug_loc     0x00000000000003fd       0xdc build/default/production/mcc_generated_files/src/usart1.o
 .debug_loc     0x00000000000004d9      0x19c build/default/production/mcc_generated_files/mcc.o
 .debug_loc     0x0000000000000675       0x48 build/default/production/main.o
 .debug_loc     0x00000000000006bd       0xc4 build/default/production/AD5227.o
 .debug_loc     0x0000000000000781      0x23b build/default/production/AD9833.o
 .debug_loc     0x00000000000009bc      0x23c build/default/production/Communication.o
 .debug_loc     0x0000000000000bf8      0x40d build/default/production/application.o
 .debug_loc     0x0000000000001005       0x96 build/default/production/dataVisualizer.o

.debug_macinfo
 *(.debug_macinfo)

.debug_weaknames
 *(.debug_weaknames)

.debug_funcnames
 *(.debug_funcnames)

.debug_typenames
 *(.debug_typenames)

.debug_varnames
 *(.debug_varnames)

.debug_pubtypes
 *(.debug_pubtypes)

.debug_ranges   0x0000000000000000      0x668
 *(.debug_ranges)
 .debug_ranges  0x0000000000000000       0x18 build/default/production/mcc_generated_files/src/zcd2.o
 .debug_ranges  0x0000000000000018       0x18 build/default/production/mcc_generated_files/src/zcd1.o
 .debug_ranges  0x0000000000000030      0x198 build/default/production/mcc_generated_files/src/pin_manager.o
 .debug_ranges  0x00000000000001c8       0x10 build/default/production/mcc_generated_files/src/cpuint.o
 .debug_ranges  0x00000000000001d8       0x88 build/default/production/mcc_generated_files/src/spi0.o
 .debug_ranges  0x0000000000000260       0x18 build/default/production/mcc_generated_files/src/zcd0.o
 .debug_ranges  0x0000000000000278       0xb0 build/default/production/mcc_generated_files/src/adc0.o
 .debug_ranges  0x0000000000000328       0x10 build/default/production/mcc_generated_files/src/vref.o
 .debug_ranges  0x0000000000000338       0xa0 build/default/production/mcc_generated_files/src/tca1.o
 .debug_ranges  0x00000000000003d8       0xa0 build/default/production/mcc_generated_files/src/tca0.o
 .debug_ranges  0x0000000000000478       0xa8 build/default/production/mcc_generated_files/src/usart1.o
 .debug_ranges  0x0000000000000520       0x38 build/default/production/mcc_generated_files/mcc.o
 .debug_ranges  0x0000000000000558       0x10 build/default/production/main.o
 .debug_ranges  0x0000000000000568       0x28 build/default/production/AD5227.o
 .debug_ranges  0x0000000000000590       0x40 build/default/production/AD9833.o
 .debug_ranges  0x00000000000005d0       0x30 build/default/production/Communication.o
 .debug_ranges  0x0000000000000600       0x58 build/default/production/application.o
 .debug_ranges  0x0000000000000658       0x10 build/default/production/dataVisualizer.o

.debug_macro
 *(.debug_macro)
OUTPUT(dist/default/production/avr128da64-phase-sequence-detection-of-ac-supply-mplab.X.production.elf elf32-avr)
LOAD linker stubs
LOAD data_init

.note.gnu.avr.deviceinfo
                0x0000000000000000       0x40
 .note.gnu.avr.deviceinfo
                0x0000000000000000       0x40 C:/Users/I20946/.mchp_packs/Microchip/AVR-Dx_DFP/1.3.65/xc8/avr/lib/avrxmega4/memx-const/crtavr128da64.o

.bss.spi0_desc  0x0000000000804090        0x1
 .bss.spi0_desc
                0x0000000000804090        0x1 build/default/production/mcc_generated_files/src/spi0.o

.bss.ZCDPhaseLossFlag
                0x0000000000804069        0x3
 .bss.ZCDPhaseLossFlag
                0x0000000000804069        0x3 build/default/production/mcc_generated_files/src/zcd0.o
                0x0000000000804069                ZCDPhaseLossFlag

.bss.PhaseLossFlag
                0x000000000080406c        0x3
 .bss.PhaseLossFlag
                0x000000000080406c        0x3 build/default/production/mcc_generated_files/src/zcd0.o
                0x000000000080406c                PhaseLossFlag

.bss.ZCDPhaseRvrslFlag
                0x000000000080406f        0x3
 .bss.ZCDPhaseRvrslFlag
                0x000000000080406f        0x3 build/default/production/mcc_generated_files/src/zcd0.o
                0x000000000080406f                ZCDPhaseRvrslFlag

.bss.ADC0_window_cb
                0x0000000000804072        0x2
 .bss.ADC0_window_cb
                0x0000000000804072        0x2 build/default/production/mcc_generated_files/src/adc0.o
                0x0000000000804072                ADC0_window_cb

.bss.timer1OvfCnt
                0x000000000080407c        0x2
 .bss.timer1OvfCnt
                0x000000000080407c        0x2 build/default/production/mcc_generated_files/src/tca1.o
                0x000000000080407c                timer1OvfCnt

.bss.refreshCount
                0x000000000080405d        0x4
 .bss.refreshCount
                0x000000000080405d        0x4 build/default/production/mcc_generated_files/src/tca1.o
                0x000000000080405d                refreshCount

.bss.timer1OverflowFlag
                0x0000000000804091        0x1
 .bss.timer1OverflowFlag
                0x0000000000804091        0x1 build/default/production/mcc_generated_files/src/tca1.o
                0x0000000000804091                timer1OverflowFlag

.bss.USART1_tx_elements
                0x0000000000804092        0x1
 .bss.USART1_tx_elements
                0x0000000000804092        0x1 build/default/production/mcc_generated_files/src/usart1.o

.bss.USART1_tx_tail
                0x0000000000804093        0x1
 .bss.USART1_tx_tail
                0x0000000000804093        0x1 build/default/production/mcc_generated_files/src/usart1.o

.bss.USART1_tx_head
                0x0000000000804094        0x1
 .bss.USART1_tx_head
                0x0000000000804094        0x1 build/default/production/mcc_generated_files/src/usart1.o

.bss.USART1_txbuf
                0x000000000080401d       0x10
 .bss.USART1_txbuf
                0x000000000080401d       0x10 build/default/production/mcc_generated_files/src/usart1.o

.bss.USART1_rx_elements
                0x0000000000804095        0x1
 .bss.USART1_rx_elements
                0x0000000000804095        0x1 build/default/production/mcc_generated_files/src/usart1.o

.bss.USART1_rx_tail
                0x0000000000804096        0x1
 .bss.USART1_rx_tail
                0x0000000000804096        0x1 build/default/production/mcc_generated_files/src/usart1.o

.bss.USART1_rx_head
                0x0000000000804097        0x1
 .bss.USART1_rx_head
                0x0000000000804097        0x1 build/default/production/mcc_generated_files/src/usart1.o

.bss.USART1_rxbuf
                0x000000000080402d       0x10
 .bss.USART1_rxbuf
                0x000000000080402d       0x10 build/default/production/mcc_generated_files/src/usart1.o

.bss.Vrms       0x000000000080403d        0xc
 .bss.Vrms      0x000000000080403d        0xc build/default/production/application.o
                0x000000000080403d                Vrms

.bss.line_voltage
                0x0000000000804049        0xc
 .bss.line_voltage
                0x0000000000804049        0xc build/default/production/application.o
                0x0000000000804049                line_voltage

.bss.numberofSamples
                0x000000000080408c        0x2
 .bss.numberofSamples
                0x000000000080408c        0x2 build/default/production/application.o
                0x000000000080408c                numberofSamples

.bss.ADC_Results_L
                0x0000000000804055        0x8
 .bss.ADC_Results_L
                0x0000000000804055        0x8 build/default/production/application.o
                0x0000000000804055                ADC_Results_L

.bss.RxData     0x000000000080408e        0x2
 .bss.RxData    0x000000000080408e        0x2 build/default/production/application.o
                0x000000000080408e                RxData

.text.application
                0x0000000000000188      0x2a8
 .text.application
                0x0000000000000188      0x2a8 build/default/production/application.o
                0x0000000000000188                application

.text.PIN_MANAGER_Initialize
                0x0000000000000430      0x1a4
 .text.PIN_MANAGER_Initialize
                0x0000000000000430      0x1a4 build/default/production/mcc_generated_files/src/pin_manager.o
                0x0000000000000430                PIN_MANAGER_Initialize

.text.emulatorTaskProcess
                0x00000000000005d4      0x120
 .text.emulatorTaskProcess
                0x00000000000005d4      0x120 build/default/production/application.o

.text.avrlibc.fplib
                0x00000000000006f4       0xdc
 .text.avrlibc.fplib
                0x00000000000006f4       0xdc c:/program files/microchip/xc8/v2.20/avr/bin/../lib/gcc/avr/5.4.0/../../../../avr/lib/avrxmega4/memx-const\libm.a(divsf3x.o)
                0x0000000000000714                __divsf3x
                0x000000000000071a                __divsf3_pse

.text.avrlibc.fplib
                0x00000000000007d0       0xd2
 .text.avrlibc.fplib
                0x00000000000007d0       0xd2 c:/program files/microchip/xc8/v2.20/avr/bin/../lib/gcc/avr/5.4.0/../../../../avr/lib/avrxmega4/memx-const\libm.a(mulsf3x.o)
                0x00000000000007ee                __mulsf3x
                0x00000000000007f4                __mulsf3_pse

.text.avrlibc.fplib
                0x00000000000008a2       0xcc
 .text.avrlibc.fplib
                0x00000000000008a2       0xcc c:/program files/microchip/xc8/v2.20/avr/bin/../lib/gcc/avr/5.4.0/../../../../avr/lib/avrxmega4/memx-const\libm.a(addsf3x.o)
                0x00000000000008c4                __addsf3x

.text.createDataStreamProtocolAndSend
                0x000000000000096e       0xb6
 .text.createDataStreamProtocolAndSend
                0x000000000000096e       0xb6 build/default/production/dataVisualizer.o
                0x000000000000096e                createDataStreamProtocolAndSend

.text.__vector_46
                0x0000000000000a24       0x9c
 .text.__vector_46
                0x0000000000000a24       0x9c build/default/production/mcc_generated_files/src/tca1.o
                0x0000000000000a24                __vector_46

.text.sineWaveGeneration
                0x0000000000000ac0       0x96
 .text.sineWaveGeneration
                0x0000000000000ac0       0x96 build/default/production/application.o

.text.avrlibc.fplib
                0x0000000000000b56       0x8c
 .text.avrlibc.fplib
                0x0000000000000b56       0x8c c:/program files/microchip/xc8/v2.20/avr/bin/../lib/gcc/avr/5.4.0/../../../../avr/lib/avrxmega4/memx-const\libm.a(sqrt.o)
                0x0000000000000b62                sqrtf
                0x0000000000000b62                sqrt

.text.PORT_Initialize
                0x0000000000000be2       0x80
 .text.PORT_Initialize
                0x0000000000000be2       0x80 build/default/production/mcc_generated_files/src/pin_manager.o
                0x0000000000000be2                PORT_Initialize

.text.avrlibc.fplib
                0x0000000000000c62       0x7a
 .text.avrlibc.fplib
                0x0000000000000c62       0x7a c:/program files/microchip/xc8/v2.20/avr/bin/../lib/gcc/avr/5.4.0/../../../../avr/lib/avrxmega4/memx-const\libm.a(floatsisf.o)
                0x0000000000000c62                __floatunsisf
                0x0000000000000c66                __floatsisf

.text.__vector_51
                0x0000000000000cdc       0x72
 .text.__vector_51
                0x0000000000000cdc       0x72 build/default/production/mcc_generated_files/src/zcd1.o
                0x0000000000000cdc                __vector_51

.text.defaultSignalGeneration
                0x0000000000000d4e       0x62
 .text.defaultSignalGeneration
                0x0000000000000d4e       0x62 build/default/production/application.o
                0x0000000000000d4e                defaultSignalGeneration

.text.__vector_25
                0x0000000000000db0       0x60
 .text.__vector_25
                0x0000000000000db0       0x60 build/default/production/mcc_generated_files/src/adc0.o
                0x0000000000000db0                __vector_25

.text.__vector_48
                0x0000000000000e10       0x60
 .text.__vector_48
                0x0000000000000e10       0x60 build/default/production/mcc_generated_files/src/tca1.o
                0x0000000000000e10                __vector_48

.text.__vector_49
                0x0000000000000e70       0x60
 .text.__vector_49
                0x0000000000000e70       0x60 build/default/production/mcc_generated_files/src/tca1.o
                0x0000000000000e70                __vector_49

.text.__vector_50
                0x0000000000000ed0       0x60
 .text.__vector_50
                0x0000000000000ed0       0x60 build/default/production/mcc_generated_files/src/tca1.o
                0x0000000000000ed0                __vector_50

.text.__vector_9
                0x0000000000000f30       0x60
 .text.__vector_9
                0x0000000000000f30       0x60 build/default/production/mcc_generated_files/src/tca0.o
                0x0000000000000f30                __vector_9

.text.__vector_10
                0x0000000000000f90       0x60
 .text.__vector_10
                0x0000000000000f90       0x60 build/default/production/mcc_generated_files/src/tca0.o
                0x0000000000000f90                __vector_10

.text.__vector_11
                0x0000000000000ff0       0x60
 .text.__vector_11
                0x0000000000000ff0       0x60 build/default/production/mcc_generated_files/src/tca0.o
                0x0000000000000ff0                __vector_11

.text.__vector_7
                0x0000000000001050       0x60
 .text.__vector_7
                0x0000000000001050       0x60 build/default/production/mcc_generated_files/src/tca0.o
                0x0000000000001050                __vector_7

.text.AD9833SetRegisterValue
                0x00000000000010b0       0x60
 .text.AD9833SetRegisterValue
                0x00000000000010b0       0x60 build/default/production/AD9833.o
                0x00000000000010b0                AD9833SetRegisterValue

.text.FrequencySelectionCallBack
                0x0000000000001110       0x60
 .text.FrequencySelectionCallBack
                0x0000000000001110       0x60 build/default/production/application.o
                0x0000000000001110                FrequencySelectionCallBack

.text.avrlibc.fplib
                0x0000000000001170       0x5e
 .text.avrlibc.fplib
                0x0000000000001170       0x5e c:/program files/microchip/xc8/v2.20/avr/bin/../lib/gcc/avr/5.4.0/../../../../avr/lib/avrxmega4/memx-const\libm.a(fixunssfsi.o)
                0x0000000000001170                __fixunssfsi

.text.__vector_31
                0x00000000000011ce       0x5a
 .text.__vector_31
                0x00000000000011ce       0x5a build/default/production/mcc_generated_files/src/usart1.o
                0x00000000000011ce                __vector_31

.text.__vector_32
                0x0000000000001228       0x5a
 .text.__vector_32
                0x0000000000001228       0x5a build/default/production/mcc_generated_files/src/usart1.o
                0x0000000000001228                __vector_32

.text.CLKCTRL_Initialize
                0x0000000000001282       0x58
 .text.CLKCTRL_Initialize
                0x0000000000001282       0x58 build/default/production/mcc_generated_files/mcc.o
                0x0000000000001282                CLKCTRL_Initialize

.text.__vector_26
                0x00000000000012da       0x52
 .text.__vector_26
                0x00000000000012da       0x52 build/default/production/mcc_generated_files/src/zcd0.o
                0x00000000000012da                __vector_26

.text.AD9833SetFrequency
                0x000000000000132c       0x50
 .text.AD9833SetFrequency
                0x000000000000132c       0x50 build/default/production/AD9833.o
                0x000000000000132c                AD9833SetFrequency

.text.AD9833_chipSelect
                0x000000000000137c       0x48
 .text.AD9833_chipSelect
                0x000000000000137c       0x48 build/default/production/Communication.o
                0x000000000000137c                AD9833_chipSelect

.text.AD5227_chipSelect
                0x00000000000013c4       0x48
 .text.AD5227_chipSelect
                0x00000000000013c4       0x48 build/default/production/Communication.o
                0x00000000000013c4                AD5227_chipSelect

.text.avrlibc.fplib
                0x000000000000140c       0x48
 .text.avrlibc.fplib
                0x000000000000140c       0x48 c:/program files/microchip/xc8/v2.20/avr/bin/../lib/gcc/avr/5.4.0/../../../../avr/lib/avrxmega4/memx-const\libm.a(fp_cmp.o)
                0x000000000000140c                __fp_cmp

.text.__vector_59
                0x0000000000001454       0x46
 .text.__vector_59
                0x0000000000001454       0x46 build/default/production/mcc_generated_files/src/zcd2.o
                0x0000000000001454                __vector_59

.text.TCA1_Initialize
                0x000000000000149a       0x44
 .text.TCA1_Initialize
                0x000000000000149a       0x44 build/default/production/mcc_generated_files/src/tca1.o
                0x000000000000149a                TCA1_Initialize

.text.TCA0_Initialize
                0x00000000000014de       0x44
 .text.TCA0_Initialize
                0x00000000000014de       0x44 build/default/production/mcc_generated_files/src/tca0.o
                0x00000000000014de                TCA0_Initialize

.text.avrlibc.fplib
                0x0000000000001522       0x44
 .text.avrlibc.fplib
                0x0000000000001522       0x44 c:/program files/microchip/xc8/v2.20/avr/bin/../lib/gcc/avr/5.4.0/../../../../avr/lib/avrxmega4/memx-const\libm.a(fp_split3.o)
                0x0000000000001522                __fp_split3
                0x0000000000001532                __fp_splitA

.text.AD5227DigipotInc
                0x0000000000001566       0x42
 .text.AD5227DigipotInc
                0x0000000000001566       0x42 build/default/production/AD5227.o
                0x0000000000001566                AD5227DigipotInc

.text.USART1_DefaultTxIsrCb
                0x00000000000015a8       0x3e
 .text.USART1_DefaultTxIsrCb
                0x00000000000015a8       0x3e build/default/production/mcc_generated_files/src/usart1.o
                0x00000000000015a8                USART1_DefaultTxIsrCb

.text.USART1_Write
                0x00000000000015e6       0x3e
 .text.USART1_Write
                0x00000000000015e6       0x3e build/default/production/mcc_generated_files/src/usart1.o
                0x00000000000015e6                USART1_Write

.text.SYSTEM_Initialize
                0x0000000000001624       0x3e
 .text.SYSTEM_Initialize
                0x0000000000001624       0x3e build/default/production/mcc_generated_files/mcc.o
                0x0000000000001624                SYSTEM_Initialize

.text.readSwToSelectFrequency
                0x0000000000001662       0x3e
 .text.readSwToSelectFrequency
                0x0000000000001662       0x3e build/default/production/application.o
                0x0000000000001662                readSwToSelectFrequency

.text.USART1_Initialize
                0x00000000000016a0       0x3a
 .text.USART1_Initialize
                0x00000000000016a0       0x3a build/default/production/mcc_generated_files/src/usart1.o
                0x00000000000016a0                USART1_Initialize

.text.__vector_33
                0x00000000000016da       0x32
 .text.__vector_33
                0x00000000000016da       0x32 build/default/production/mcc_generated_files/src/usart1.o
                0x00000000000016da                __vector_33

.text.USART1_Read
                0x000000000000170c       0x32
 .text.USART1_Read
                0x000000000000170c       0x32 build/default/production/mcc_generated_files/src/usart1.o
                0x000000000000170c                USART1_Read

.text.threePhaseAmplitudeMax
                0x000000000000173e       0x30
 .text.threePhaseAmplitudeMax
                0x000000000000173e       0x30 build/default/production/application.o
                0x000000000000173e                threePhaseAmplitudeMax

.text.ADC0_Initialize
                0x000000000000176e       0x2e
 .text.ADC0_Initialize
                0x000000000000176e       0x2e build/default/production/mcc_generated_files/src/adc0.o
                0x000000000000176e                ADC0_Initialize

.text.USART1_DefaultRxIsrCb
                0x000000000000179c       0x2c
 .text.USART1_DefaultRxIsrCb
                0x000000000000179c       0x2c build/default/production/mcc_generated_files/src/usart1.o
                0x000000000000179c                USART1_DefaultRxIsrCb

.text.main      0x00000000000017c8       0x28
 .text.main     0x00000000000017c8       0x28 build/default/production/main.o
                0x00000000000017c8                main

.text.SPI0_WriteBlock
                0x00000000000017f0       0x24
 .text.SPI0_WriteBlock
                0x00000000000017f0       0x24 build/default/production/mcc_generated_files/src/spi0.o
                0x00000000000017f0                SPI0_WriteBlock

.text.avrlibc.fplib
                0x0000000000001814       0x22
 .text.avrlibc.fplib
                0x0000000000001814       0x22 c:/program files/microchip/xc8/v2.20/avr/bin/../lib/gcc/avr/5.4.0/../../../../avr/lib/avrxmega4/memx-const\libm.a(fp_round.o)
                0x0000000000001814                __fp_round

.text.CPUINT_Initialize
                0x0000000000001836       0x1e
 .text.CPUINT_Initialize
                0x0000000000001836       0x1e build/default/production/mcc_generated_files/src/cpuint.o
                0x0000000000001836                CPUINT_Initialize

.text.__vector_24
                0x0000000000001854       0x1e
 .text.__vector_24
                0x0000000000001854       0x1e build/default/production/mcc_generated_files/src/adc0.o
                0x0000000000001854                __vector_24

.text.__vector_2
                0x0000000000001872       0x1e
 .text.__vector_2
                0x0000000000001872       0x1e build/default/production/mcc_generated_files/mcc.o
                0x0000000000001872                __vector_2

.text.avrlibc.fplib
                0x0000000000001890       0x1c
 .text.avrlibc.fplib
                0x0000000000001890       0x1c c:/program files/microchip/xc8/v2.20/avr/bin/../lib/gcc/avr/5.4.0/../../../../avr/lib/avrxmega4/memx-const\libm.a(fp_mpack.o)
                0x0000000000001890                __fp_mpack
                0x0000000000001894                __fp_mpack_finite

.text.ADC0_GetConversion
                0x00000000000018ac       0x1a
 .text.ADC0_GetConversion
                0x00000000000018ac       0x1a build/default/production/mcc_generated_files/src/adc0.o
                0x00000000000018ac                ADC0_GetConversion

.text.SPI0_Initialize
                0x00000000000018c6       0x18
 .text.SPI0_Initialize
                0x00000000000018c6       0x18 build/default/production/mcc_generated_files/src/spi0.o
                0x00000000000018c6                SPI0_Initialize

.text.BOD_Initialize
                0x00000000000018de       0x18
 .text.BOD_Initialize
                0x00000000000018de       0x18 build/default/production/mcc_generated_files/mcc.o
                0x00000000000018de                BOD_Initialize

.text.ADC0_StartConversion
                0x00000000000018f6       0x12
 .text.ADC0_StartConversion
                0x00000000000018f6       0x12 build/default/production/mcc_generated_files/src/adc0.o
                0x00000000000018f6                ADC0_StartConversion

.text.VREF_0_Initialize
                0x0000000000001908       0x10
 .text.VREF_0_Initialize
                0x0000000000001908       0x10 build/default/production/mcc_generated_files/src/vref.o
                0x0000000000001908                VREF_0_Initialize

.text.SLPCTRL_Initialize
                0x0000000000001918       0x10
 .text.SLPCTRL_Initialize
                0x0000000000001918       0x10 build/default/production/mcc_generated_files/mcc.o
                0x0000000000001918                SLPCTRL_Initialize

.text.WDT_Initialize
                0x0000000000001928       0x10
 .text.WDT_Initialize
                0x0000000000001928       0x10 build/default/production/mcc_generated_files/mcc.o
                0x0000000000001928                WDT_Initialize

.text.ZCD2_Initialize
                0x0000000000001938        0xe
 .text.ZCD2_Initialize
                0x0000000000001938        0xe build/default/production/mcc_generated_files/src/zcd2.o
                0x0000000000001938                ZCD2_Initialize

.text.ZCD1_Initialize
                0x0000000000001946        0xe
 .text.ZCD1_Initialize
                0x0000000000001946        0xe build/default/production/mcc_generated_files/src/zcd1.o
                0x0000000000001946                ZCD1_Initialize

.text.ZCD0_Initialize
                0x0000000000001954        0xe
 .text.ZCD0_Initialize
                0x0000000000001954        0xe build/default/production/mcc_generated_files/src/zcd0.o
                0x0000000000001954                ZCD0_Initialize

.text.USART1_IsRxReady
                0x0000000000001962        0xe
 .text.USART1_IsRxReady
                0x0000000000001962        0xe build/default/production/mcc_generated_files/src/usart1.o
                0x0000000000001962                USART1_IsRxReady

.text.AD9833Setup
                0x0000000000001970        0xe
 .text.AD9833Setup
                0x0000000000001970        0xe build/default/production/AD9833.o
                0x0000000000001970                AD9833Setup

.text.avrlibc.fplib
                0x000000000000197e        0xe
 .text.avrlibc.fplib
                0x000000000000197e        0xe c:/program files/microchip/xc8/v2.20/avr/bin/../lib/gcc/avr/5.4.0/../../../../avr/lib/avrxmega4/memx-const\libm.a(addsf3.o)
                0x000000000000197e                __subsf3
                0x0000000000001980                __addsf3

.text.avrlibc.fplib
                0x000000000000198c        0xe
 .text.avrlibc.fplib
                0x000000000000198c        0xe c:/program files/microchip/xc8/v2.20/avr/bin/../lib/gcc/avr/5.4.0/../../../../avr/lib/avrxmega4/memx-const\libm.a(fp_pscA.o)
                0x000000000000198c                __fp_pscA

.text.avrlibc.fplib
                0x000000000000199a        0xe
 .text.avrlibc.fplib
                0x000000000000199a        0xe c:/program files/microchip/xc8/v2.20/avr/bin/../lib/gcc/avr/5.4.0/../../../../avr/lib/avrxmega4/memx-const\libm.a(fp_pscB.o)
                0x000000000000199a                __fp_pscB

.text.avrlibc.fplib
                0x00000000000019a8        0xe
 .text.avrlibc.fplib
                0x00000000000019a8        0xe c:/program files/microchip/xc8/v2.20/avr/bin/../lib/gcc/avr/5.4.0/../../../../avr/lib/avrxmega4/memx-const\libm.a(fp_zero.o)
                0x00000000000019a8                __fp_zero
                0x00000000000019aa                __fp_szero

.text.avrlibc.fplib
                0x00000000000019b6        0xe
 .text.avrlibc.fplib
                0x00000000000019b6        0xe c:/program files/microchip/xc8/v2.20/avr/bin/../lib/gcc/avr/5.4.0/../../../../avr/lib/avrxmega4/memx-const\libm.a(fp_norm2.o)
                0x00000000000019b6                __fp_norm2

.text.avrlibc.fplib
                0x00000000000019c4        0xc
 .text.avrlibc.fplib
                0x00000000000019c4        0xc c:/program files/microchip/xc8/v2.20/avr/bin/../lib/gcc/avr/5.4.0/../../../../avr/lib/avrxmega4/memx-const\libm.a(fp_inf.o)
                0x00000000000019c4                __fp_inf

.text.protected_write_io
                0x00000000000019d0        0xa
 .text.protected_write_io
                0x00000000000019d0        0xa build/default/production/mcc_generated_files/src/protected_io.o
                0x00000000000019d0                protected_write_io

.text.AD9833Reset
                0x00000000000019da        0xa
 .text.AD9833Reset
                0x00000000000019da        0xa build/default/production/AD9833.o
                0x00000000000019da                AD9833Reset

.text.AD9833ClearReset
                0x00000000000019e4        0xa
 .text.AD9833ClearReset
                0x00000000000019e4        0xa build/default/production/AD9833.o
                0x00000000000019e4                AD9833ClearReset

.text.AD9833SetPhase
                0x00000000000019ee        0xa
 .text.AD9833SetPhase
                0x00000000000019ee        0xa build/default/production/AD9833.o
                0x00000000000019ee                AD9833SetPhase

.text.SPI_Write
                0x00000000000019f8        0xa
 .text.SPI_Write
                0x00000000000019f8        0xa build/default/production/Communication.o
                0x00000000000019f8                SPI_Write

.text.avrlibc.fplib
                0x0000000000001a02        0xa
 .text.avrlibc.fplib
                0x0000000000001a02        0xa c:/program files/microchip/xc8/v2.20/avr/bin/../lib/gcc/avr/5.4.0/../../../../avr/lib/avrxmega4/memx-const\libm.a(cmpsf2.o)
                0x0000000000001a02                __nesf2
                0x0000000000001a02                __eqsf2
                0x0000000000001a02                __cmpsf2
                0x0000000000001a02                __ltsf2
                0x0000000000001a02                __lesf2

.text.avrlibc.fplib
                0x0000000000001a0c        0xa
 .text.avrlibc.fplib
                0x0000000000001a0c        0xa c:/program files/microchip/xc8/v2.20/avr/bin/../lib/gcc/avr/5.4.0/../../../../avr/lib/avrxmega4/memx-const\libm.a(gesf2.o)
                0x0000000000001a0c                __gesf2
                0x0000000000001a0c                __gtsf2

.text.ADC0_IsConversionDone
                0x0000000000001a16        0x8
 .text.ADC0_IsConversionDone
                0x0000000000001a16        0x8 build/default/production/mcc_generated_files/src/adc0.o
                0x0000000000001a16                ADC0_IsConversionDone

.text.avrlibc.fplib
                0x0000000000001a1e        0x8
 .text.avrlibc.fplib
                0x0000000000001a1e        0x8 c:/program files/microchip/xc8/v2.20/avr/bin/../lib/gcc/avr/5.4.0/../../../../avr/lib/avrxmega4/memx-const\libm.a(divsf3.o)
                0x0000000000001a1e                __divsf3

.text.avrlibc.fplib
                0x0000000000001a26        0x8
 .text.avrlibc.fplib
                0x0000000000001a26        0x8 c:/program files/microchip/xc8/v2.20/avr/bin/../lib/gcc/avr/5.4.0/../../../../avr/lib/avrxmega4/memx-const\libm.a(mulsf3.o)
                0x0000000000001a26                __mulsf3

.text.avrlibc.fplib
                0x0000000000001a2e        0x6
 .text.avrlibc.fplib
                0x0000000000001a2e        0x6 c:/program files/microchip/xc8/v2.20/avr/bin/../lib/gcc/avr/5.4.0/../../../../avr/lib/avrxmega4/memx-const\libm.a(fp_nan.o)
                0x0000000000001a2e                __fp_nan

.text           0x0000000000001a34        0x4
 .text          0x0000000000001a34        0x4 C:/Users/I20946/.mchp_packs/Microchip/AVR-Dx_DFP/1.3.65/xc8/avr/lib/avrxmega4/memx-const/crtavr128da64.o
                0x0000000000001a34                __vector_38
                0x0000000000001a34                __vector_22
                0x0000000000001a34                __vector_63
                0x0000000000001a34                __vector_28
                0x0000000000001a34                __vector_1
                0x0000000000001a34                __vector_34
                0x0000000000001a34                __vector_62
                0x0000000000001a34                __vector_12
                0x0000000000001a34                __vector_55
                0x0000000000001a34                __bad_interrupt
                0x0000000000001a34                __vector_6
                0x0000000000001a34                __vector_35
                0x0000000000001a34                __vector_39
                0x0000000000001a34                __vector_3
                0x0000000000001a34                __vector_23
                0x0000000000001a34                __vector_30
                0x0000000000001a34                __vector_45
                0x0000000000001a34                __vector_61
                0x0000000000001a34                __vector_54
                0x0000000000001a34                __vector_13
                0x0000000000001a34                __vector_17
                0x0000000000001a34                __vector_19
                0x0000000000001a34                __vector_56
                0x0000000000001a34                __vector_41
                0x0000000000001a34                __vector_43
                0x0000000000001a34                __vector_27
                0x0000000000001a34                __vector_5
                0x0000000000001a34                __vector_47
                0x0000000000001a34                __vector_52
                0x0000000000001a34                __vector_37
                0x0000000000001a34                __vector_4
                0x0000000000001a34                __vector_44
                0x0000000000001a34                __vector_21
                0x0000000000001a34                __vector_15
                0x0000000000001a34                __vector_36
                0x0000000000001a34                __vector_58
                0x0000000000001a34                __vector_29
                0x0000000000001a34                __vector_60
                0x0000000000001a34                __vector_40
                0x0000000000001a34                __vector_8
                0x0000000000001a34                __vector_14
                0x0000000000001a34                __vector_57
                0x0000000000001a34                __vector_53
                0x0000000000001a34                __vector_16
                0x0000000000001a34                __vector_18
                0x0000000000001a34                __vector_20
                0x0000000000001a34                __vector_42

.text.TCA1_DefaultCMP0IsrCallback
                0x0000000000001a38        0x2
 .text.TCA1_DefaultCMP0IsrCallback
                0x0000000000001a38        0x2 build/default/production/mcc_generated_files/src/tca1.o
                0x0000000000001a38                TCA1_DefaultCMP0IsrCallback

.text.TCA1_DefaultCMP1IsrCallback
                0x0000000000001a3a        0x2
 .text.TCA1_DefaultCMP1IsrCallback
                0x0000000000001a3a        0x2 build/default/production/mcc_generated_files/src/tca1.o
                0x0000000000001a3a                TCA1_DefaultCMP1IsrCallback

.text.TCA1_DefaultCMP2IsrCallback
                0x0000000000001a3c        0x2
 .text.TCA1_DefaultCMP2IsrCallback
                0x0000000000001a3c        0x2 build/default/production/mcc_generated_files/src/tca1.o
                0x0000000000001a3c                TCA1_DefaultCMP2IsrCallback

.text.TCA1_DefaultOVFIsrCallback
                0x0000000000001a3e        0x2
 .text.TCA1_DefaultOVFIsrCallback
                0x0000000000001a3e        0x2 build/default/production/mcc_generated_files/src/tca1.o
                0x0000000000001a3e                TCA1_DefaultOVFIsrCallback

.text.TCA0_DefaultCMP0IsrCallback
                0x0000000000001a40        0x2
 .text.TCA0_DefaultCMP0IsrCallback
                0x0000000000001a40        0x2 build/default/production/mcc_generated_files/src/tca0.o
                0x0000000000001a40                TCA0_DefaultCMP0IsrCallback

.text.TCA0_DefaultCMP1IsrCallback
                0x0000000000001a42        0x2
 .text.TCA0_DefaultCMP1IsrCallback
                0x0000000000001a42        0x2 build/default/production/mcc_generated_files/src/tca0.o
                0x0000000000001a42                TCA0_DefaultCMP1IsrCallback

.text.TCA0_DefaultCMP2IsrCallback
                0x0000000000001a44        0x2
 .text.TCA0_DefaultCMP2IsrCallback
                0x0000000000001a44        0x2 build/default/production/mcc_generated_files/src/tca0.o
                0x0000000000001a44                TCA0_DefaultCMP2IsrCallback

.text.TCA0_DefaultOVFIsrCallback
                0x0000000000001a46        0x2
 .text.TCA0_DefaultOVFIsrCallback
                0x0000000000001a46        0x2 build/default/production/mcc_generated_files/src/tca0.o
                0x0000000000001a46                TCA0_DefaultOVFIsrCallback

.data.freqency  0x0000000000804061        0x4 load address 0x0000000000001a48
 .data.freqency
                0x0000000000804061        0x4 build/default/production/application.o
                0x0000000000804061                freqency

.data.Lines     0x0000000000804065        0x4 load address 0x0000000000001a4c
 .data.Lines    0x0000000000804065        0x4 build/default/production/application.o
                0x0000000000804065                Lines

.data.TCA1_OVF_isr_cb
                0x0000000000804074        0x2 load address 0x0000000000001a50
 .data.TCA1_OVF_isr_cb
                0x0000000000804074        0x2 build/default/production/mcc_generated_files/src/tca1.o
                0x0000000000804074                TCA1_OVF_isr_cb

.data.TCA1_CMP2_isr_cb
                0x0000000000804076        0x2 load address 0x0000000000001a52
 .data.TCA1_CMP2_isr_cb
                0x0000000000804076        0x2 build/default/production/mcc_generated_files/src/tca1.o
                0x0000000000804076                TCA1_CMP2_isr_cb

.data.TCA1_CMP1_isr_cb
                0x0000000000804078        0x2 load address 0x0000000000001a54
 .data.TCA1_CMP1_isr_cb
                0x0000000000804078        0x2 build/default/production/mcc_generated_files/src/tca1.o
                0x0000000000804078                TCA1_CMP1_isr_cb

.data.TCA1_CMP0_isr_cb
                0x000000000080407a        0x2 load address 0x0000000000001a56
 .data.TCA1_CMP0_isr_cb
                0x000000000080407a        0x2 build/default/production/mcc_generated_files/src/tca1.o
                0x000000000080407a                TCA1_CMP0_isr_cb

.data.TCA0_OVF_isr_cb
                0x000000000080407e        0x2 load address 0x0000000000001a58
 .data.TCA0_OVF_isr_cb
                0x000000000080407e        0x2 build/default/production/mcc_generated_files/src/tca0.o
                0x000000000080407e                TCA0_OVF_isr_cb

.data.TCA0_CMP2_isr_cb
                0x0000000000804080        0x2 load address 0x0000000000001a5a
 .data.TCA0_CMP2_isr_cb
                0x0000000000804080        0x2 build/default/production/mcc_generated_files/src/tca0.o
                0x0000000000804080                TCA0_CMP2_isr_cb

.data.TCA0_CMP1_isr_cb
                0x0000000000804082        0x2 load address 0x0000000000001a5c
 .data.TCA0_CMP1_isr_cb
                0x0000000000804082        0x2 build/default/production/mcc_generated_files/src/tca0.o
                0x0000000000804082                TCA0_CMP1_isr_cb

.data.TCA0_CMP0_isr_cb
                0x0000000000804084        0x2 load address 0x0000000000001a5e
 .data.TCA0_CMP0_isr_cb
                0x0000000000804084        0x2 build/default/production/mcc_generated_files/src/tca0.o
                0x0000000000804084                TCA0_CMP0_isr_cb

.data.USART1_tx_isr_cb
                0x0000000000804086        0x2 load address 0x0000000000001a60
 .data.USART1_tx_isr_cb
                0x0000000000804086        0x2 build/default/production/mcc_generated_files/src/usart1.o
                0x0000000000804086                USART1_tx_isr_cb

.data.USART1_rx_isr_cb
                0x0000000000804088        0x2 load address 0x0000000000001a62
 .data.USART1_rx_isr_cb
                0x0000000000804088        0x2 build/default/production/mcc_generated_files/src/usart1.o
                0x0000000000804088                USART1_rx_isr_cb

.data.tergatedSamples
                0x000000000080408a        0x2 load address 0x0000000000001a64
 .data.tergatedSamples
                0x000000000080408a        0x2 build/default/production/application.o
                0x000000000080408a                tergatedSamples

.data.freq_sel  0x0000000000804098        0x1 load address 0x0000000000001a66
 .data.freq_sel
                0x0000000000804098        0x1 build/default/production/application.o
                0x0000000000804098                freq_sel
